2026-09-08_22:24:13 watchdog start
22:24:15 availG head=10 worker=12 psi60=0.00 containers=1 health=200 up='Up 28 minutes' ladder_procs=4 waiters=3
22:25:17 availG head=10 worker=12 psi60=0.00 containers=1 health=200 up='Up 29 minutes' ladder_procs=4 waiters=3
22:26:20 availG head=10 worker=12 psi60=0.00 containers=1 health=200 up='Up 30 minutes' ladder_procs=4 waiters=3
22:27:22 availG head=10 worker=12 psi60=0.00 containers=1 health=200 up='Up 31 minutes' ladder_procs=4 waiters=3
22:28:25 availG head=10 worker=12 psi60=0.00 containers=1 health=200 up='Up 32 minutes' ladder_procs=4 waiters=3
22:29:29 availG head=10 worker=12 psi60=0.00 containers=1 health=000 up='Up 33 minutes' ladder_procs=4 waiters=3
22:30:32 availG head=10 worker=12 psi60=0.00 containers=1 health=000 up='Up 34 minutes' ladder_procs=4 waiters=3
22:31:34 availG head=10 worker=12 psi60=0.00 containers=1 health=200 up='Up 35 minutes' ladder_procs=4 waiters=3
22:32:36 availG head=10 worker=12 psi60=0.00 containers=1 health=200 up='Up 36 minutes' ladder_procs=4 waiters=3
22:33:38 availG head=10 worker=12 psi60=0.00 containers=1 health=200 up='Up 37 minutes' ladder_procs=4 waiters=3
22:34:40 availG head=10 worker=12 psi60=0.00 containers=1 health=200 up='Up 38 minutes' ladder_procs=4 waiters=3
22:35:42 availG head=10 worker=12 psi60=0.00 containers=1 health=200 up='Up 40 minutes' ladder_procs=4 waiters=3
22:36:44 availG head=10 worker=12 psi60=0.00 containers=1 health=200 up='Up 41 minutes' ladder_procs=4 waiters=3
22:37:46 availG head=10 worker=12 psi60=0.00 containers=1 health=200 up='Up 42 minutes' ladder_procs=4 waiters=3
22:38:48 availG head=10 worker=12 psi60=0.00 containers=1 health=200 up='Up 43 minutes' ladder_procs=4 waiters=3
22:39:49 availG head=10 worker=12 psi60=0.00 containers=1 health=200 up='Up 44 minutes' ladder_procs=4 waiters=3
22:40:51 availG head=10 worker=12 psi60=0.00 containers=1 health=200 up='Up 45 minutes' ladder_procs=4 waiters=3
22:41:55 availG head=10 worker=12 psi60=0.00 containers=1 health=000 up='Up 46 minutes' ladder_procs=4 waiters=3
22:42:57 availG head=10 worker=12 psi60=0.00 containers=1 health=200 up='Up 47 minutes' ladder_procs=4 waiters=3
22:43:58 availG head=117 worker=117 psi60=0.00 containers=0 health=000 up='' ladder_procs=4 waiters=3
22:44:59 availG head=114 worker=117 psi60=0.00 containers=1 health=000 up='Up 32 seconds' ladder_procs=4 waiters=3
22:46:00 availG head=63 worker=66 psi60=0.00 containers=1 health=000 up='Up About a minute' ladder_procs=4 waiters=3
22:47:00 availG head=36 worker=37 psi60=0.00 containers=1 health=000 up='Up 2 minutes' ladder_procs=4 waiters=3
22:48:01 availG head=36 worker=37 psi60=0.00 containers=1 health=000 up='Up 3 minutes' ladder_procs=4 waiters=3
22:49:02 availG head=36 worker=38 psi60=0.03 containers=1 health=000 up='Up 4 minutes' ladder_procs=4 waiters=3
22:50:03 availG head=36 worker=38 psi60=0.03 containers=1 health=000 up='Up 5 minutes' ladder_procs=4 waiters=3
22:51:04 availG head=36 worker=38 psi60=0.00 containers=1 health=000 up='Up 6 minutes' ladder_procs=4 waiters=3
22:52:04 availG head=38 worker=38 psi60=12.53 containers=1 health=000 up='Up 7 minutes' ladder_procs=4 waiters=3
22:53:10 availG head=34 worker=35 psi60=19.41 containers=1 health=000 up='Up 8 minutes' ladder_procs=4 waiters=3
22:54:13 availG head=17 worker=18 psi60=8.37 containers=1 health=200 up='Up 9 minutes' ladder_procs=4 waiters=3
22:55:15 availG head=15 worker=17 psi60=3.09 containers=1 health=200 up='Up 10 minutes' ladder_procs=4 waiters=3
22:56:17 availG head=16 worker=17 psi60=1.09 containers=1 health=200 up='Up 11 minutes' ladder_procs=4 waiters=3
22:57:20 availG head=16 worker=17 psi60=0.38 containers=1 health=200 up='Up 12 minutes' ladder_procs=4 waiters=3
22:58:22 availG head=15 worker=17 psi60=1.72 containers=1 health=200 up='Up 13 minutes' ladder_procs=4 waiters=3
22:59:23 availG head=16 worker=17 psi60=2.50 containers=1 health=200 up='Up 14 minutes' ladder_procs=4 waiters=3
23:00:26 availG head=15 worker=17 psi60=0.88 containers=1 health=200 up='Up 16 minutes' ladder_procs=4 waiters=3
23:01:29 availG head=15 worker=17 psi60=0.31 containers=1 health=200 up='Up 17 minutes' ladder_procs=4 waiters=3
23:02:31 availG head=15 worker=17 psi60=0.10 containers=1 health=200 up='Up 18 minutes' ladder_procs=4 waiters=3
23:03:35 availG head=15 worker=17 psi60=0.03 containers=1 health=000 up='Up 19 minutes' ladder_procs=4 waiters=3
23:04:39 availG head=15 worker=17 psi60=0.00 containers=1 health=000 up='Up 20 minutes' ladder_procs=4 waiters=3
23:05:40 availG head=15 worker=16 psi60=0.00 containers=1 health=200 up='Up 21 minutes' ladder_procs=4 waiters=3
23:06:42 availG head=15 worker=17 psi60=0.00 containers=1 health=200 up='Up 22 minutes' ladder_procs=4 waiters=3
23:07:44 availG head=15 worker=16 psi60=0.00 containers=1 health=200 up='Up 23 minutes' ladder_procs=4 waiters=3
23:08:46 availG head=15 worker=17 psi60=0.00 containers=1 health=200 up='Up 24 minutes' ladder_procs=4 waiters=3
23:09:48 availG head=15 worker=16 psi60=0.00 containers=1 health=200 up='Up 25 minutes' ladder_procs=4 waiters=3
23:10:50 availG head=15 worker=16 psi60=0.00 containers=1 health=200 up='Up 26 minutes' ladder_procs=4 waiters=3
23:11:52 availG head=15 worker=16 psi60=0.00 containers=1 health=200 up='Up 27 minutes' ladder_procs=4 waiters=3
23:12:55 availG head=15 worker=16 psi60=0.00 containers=1 health=200 up='Up 28 minutes' ladder_procs=4 waiters=3
23:13:57 availG head=15 worker=16 psi60=0.00 containers=1 health=200 up='Up 29 minutes' ladder_procs=4 waiters=3
23:15:01 availG head=15 worker=16 psi60=0.00 containers=1 health=000 up='Up 30 minutes' ladder_procs=4 waiters=3
23:16:03 availG head=15 worker=16 psi60=0.00 containers=1 health=200 up='Up 31 minutes' ladder_procs=4 waiters=3
23:17:06 availG head=15 worker=16 psi60=0.00 containers=1 health=200 up='Up 32 minutes' ladder_procs=4 waiters=3
23:18:09 availG head=15 worker=16 psi60=0.00 containers=1 health=200 up='Up 33 minutes' ladder_procs=4 waiters=3
23:19:12 availG head=15 worker=16 psi60=0.00 containers=1 health=200 up='Up 34 minutes' ladder_procs=4 waiters=3
23:20:14 availG head=15 worker=16 psi60=0.00 containers=1 health=200 up='Up 35 minutes' ladder_procs=4 waiters=3
23:21:18 availG head=15 worker=16 psi60=0.00 containers=1 health=000 up='Up 36 minutes' ladder_procs=4 waiters=3
23:22:21 availG head=15 worker=16 psi60=0.00 containers=1 health=000 up='Up 37 minutes' ladder_procs=4 waiters=3
23:23:25 availG head=15 worker=16 psi60=0.00 containers=1 health=000 up='Up 38 minutes' ladder_procs=4 waiters=3
23:24:27 availG head=15 worker=16 psi60=0.00 containers=1 health=200 up='Up 40 minutes' ladder_procs=4 waiters=3
23:25:29 availG head=15 worker=16 psi60=0.00 containers=1 health=200 up='Up 41 minutes' ladder_procs=4 waiters=3
23:26:31 availG head=15 worker=16 psi60=0.00 containers=1 health=200 up='Up 42 minutes' ladder_procs=4 waiters=3
23:27:33 availG head=15 worker=16 psi60=0.00 containers=1 health=200 up='Up 43 minutes' ladder_procs=4 waiters=3
23:28:34 availG head=15 worker=16 psi60=0.00 containers=1 health=200 up='Up 44 minutes' ladder_procs=4 waiters=3
23:29:36 availG head=16 worker=16 psi60=0.00 containers=1 health=200 up='Up 45 minutes' ladder_procs=4 waiters=3
23:30:38 availG head=16 worker=16 psi60=0.00 containers=1 health=200 up='Up 46 minutes' ladder_procs=4 waiters=3
23:31:40 availG head=15 worker=16 psi60=0.00 containers=1 health=200 up='Up 47 minutes' ladder_procs=4 waiters=3
23:32:42 availG head=15 worker=16 psi60=0.00 containers=1 health=200 up='Up 48 minutes' ladder_procs=4 waiters=3
23:33:45 availG head=15 worker=16 psi60=0.00 containers=1 health=000 up='Up 49 minutes' ladder_procs=4 waiters=3
23:34:47 availG head=15 worker=16 psi60=0.00 containers=1 health=200 up='Up 50 minutes' ladder_procs=4 waiters=3
23:35:49 availG head=15 worker=16 psi60=0.00 containers=1 health=200 up='Up 51 minutes' ladder_procs=4 waiters=3
23:36:50 availG head=117 worker=117 psi60=0.00 containers=0 health=000 up='' ladder_procs=4 waiters=3
23:37:51 availG head=115 worker=117 psi60=0.00 containers=1 health=000 up='Up 27 seconds' ladder_procs=4 waiters=3
23:38:51 availG head=49 worker=46 psi60=0.00 containers=1 health=000 up='Up About a minute' ladder_procs=4 waiters=3
23:39:52 availG head=44 worker=45 psi60=0.00 containers=1 health=000 up='Up 2 minutes' ladder_procs=4 waiters=3
23:40:53 availG head=44 worker=44 psi60=0.00 containers=1 health=000 up='Up 3 minutes' ladder_procs=4 waiters=3
23:41:54 availG head=44 worker=44 psi60=0.00 containers=1 health=000 up='Up 4 minutes' ladder_procs=4 waiters=3
23:42:55 availG head=44 worker=46 psi60=0.07 containers=1 health=000 up='Up 5 minutes' ladder_procs=4 waiters=3
23:43:56 availG head=44 worker=46 psi60=0.02 containers=1 health=000 up='Up 6 minutes' ladder_procs=4 waiters=3
23:44:57 availG head=44 worker=46 psi60=3.28 containers=1 health=000 up='Up 7 minutes' ladder_procs=4 waiters=3
23:45:58 availG head=44 worker=46 psi60=1.47 containers=1 health=000 up='Up 8 minutes' ladder_procs=4 waiters=3
23:46:59 availG head=43 worker=42 psi60=2.50 containers=1 health=000 up='Up 9 minutes' ladder_procs=4 waiters=3
23:48:03 availG head=26 worker=26 psi60=1.77 containers=1 health=000 up='Up 10 minutes' ladder_procs=4 waiters=3
23:49:05 availG head=24 worker=25 psi60=0.60 containers=1 health=200 up='Up 11 minutes' ladder_procs=4 waiters=3
23:50:07 availG head=23 worker=25 psi60=0.21 containers=1 health=200 up='Up 12 minutes' ladder_procs=4 waiters=3
23:51:09 availG head=23 worker=25 psi60=0.07 containers=1 health=200 up='Up 13 minutes' ladder_procs=4 waiters=3
23:52:11 availG head=23 worker=25 psi60=0.02 containers=1 health=200 up='Up 14 minutes' ladder_procs=4 waiters=3
23:53:13 availG head=24 worker=25 psi60=0.06 containers=1 health=200 up='Up 15 minutes' ladder_procs=4 waiters=3
23:54:17 availG head=24 worker=25 psi60=0.01 containers=1 health=000 up='Up 16 minutes' ladder_procs=4 waiters=3
23:55:19 availG head=24 worker=25 psi60=0.00 containers=1 health=200 up='Up 17 minutes' ladder_procs=4 waiters=3
23:56:22 availG head=24 worker=25 psi60=0.00 containers=1 health=200 up='Up 18 minutes' ladder_procs=4 waiters=3
23:57:25 availG head=24 worker=25 psi60=0.00 containers=1 health=200 up='Up 20 minutes' ladder_procs=4 waiters=3
23:58:26 availG head=24 worker=25 psi60=0.00 containers=1 health=200 up='Up 21 minutes' ladder_procs=4 waiters=3
23:59:29 availG head=24 worker=25 psi60=0.00 containers=1 health=200 up='Up 22 minutes' ladder_procs=4 waiters=3
00:00:33 availG head=24 worker=25 psi60=0.00 containers=1 health=000 up='Up 23 minutes' ladder_procs=4 waiters=3
00:01:37 availG head=24 worker=25 psi60=0.00 containers=1 health=000 up='Up 24 minutes' ladder_procs=4 waiters=3
00:02:39 availG head=24 worker=25 psi60=0.00 containers=1 health=200 up='Up 25 minutes' ladder_procs=4 waiters=3
00:03:41 availG head=24 worker=25 psi60=0.00 containers=1 health=200 up='Up 26 minutes' ladder_procs=4 waiters=3
00:04:44 availG head=24 worker=25 psi60=0.00 containers=1 health=200 up='Up 27 minutes' ladder_procs=4 waiters=3
00:05:47 availG head=24 worker=25 psi60=0.00 containers=1 health=200 up='Up 28 minutes' ladder_procs=4 waiters=3
00:06:50 availG head=24 worker=25 psi60=0.00 containers=1 health=200 up='Up 29 minutes' ladder_procs=4 waiters=3
00:07:54 availG head=24 worker=25 psi60=0.00 containers=1 health=000 up='Up 30 minutes' ladder_procs=4 waiters=3
00:08:55 availG head=24 worker=25 psi60=0.00 containers=1 health=200 up='Up 31 minutes' ladder_procs=4 waiters=3
00:09:57 availG head=24 worker=25 psi60=0.00 containers=1 health=200 up='Up 32 minutes' ladder_procs=4 waiters=3
00:11:00 availG head=24 worker=25 psi60=0.00 containers=1 health=200 up='Up 33 minutes' ladder_procs=4 waiters=3
00:12:04 availG head=24 worker=25 psi60=0.00 containers=1 health=000 up='Up 34 minutes' ladder_procs=4 waiters=3
00:13:08 availG head=24 worker=25 psi60=0.00 containers=1 health=000 up='Up 35 minutes' ladder_procs=4 waiters=3
00:14:10 availG head=24 worker=25 psi60=0.00 containers=1 health=200 up='Up 36 minutes' ladder_procs=4 waiters=3
00:15:12 availG head=24 worker=25 psi60=0.00 containers=1 health=200 up='Up 37 minutes' ladder_procs=4 waiters=3
00:16:14 availG head=24 worker=25 psi60=0.00 containers=1 health=200 up='Up 38 minutes' ladder_procs=4 waiters=3
00:17:15 availG head=24 worker=25 psi60=0.00 containers=1 health=200 up='Up 39 minutes' ladder_procs=4 waiters=3
00:18:17 availG head=24 worker=25 psi60=0.00 containers=1 health=200 up='Up 40 minutes' ladder_procs=4 waiters=3
00:19:19 availG head=24 worker=25 psi60=0.00 containers=1 health=200 up='Up 41 minutes' ladder_procs=4 waiters=3
00:20:21 availG head=24 worker=25 psi60=0.00 containers=1 health=200 up='Up 42 minutes' ladder_procs=4 waiters=3
00:21:23 availG head=24 worker=25 psi60=0.00 containers=1 health=200 up='Up 44 minutes' ladder_procs=4 waiters=3
00:22:25 availG head=24 worker=25 psi60=0.00 containers=1 health=200 up='Up 45 minutes' ladder_procs=4 waiters=3
00:23:27 availG head=24 worker=25 psi60=0.00 containers=1 health=200 up='Up 46 minutes' ladder_procs=4 waiters=3
00:24:27 availG head=117 worker=117 psi60=0.00 containers=0 health=000 up='' ladder_procs=4 waiters=3
00:25:28 availG head=115 worker=117 psi60=0.00 containers=1 health=000 up='Up 28 seconds' ladder_procs=4 waiters=3
00:26:29 availG head=74 worker=75 psi60=0.00 containers=1 health=000 up='Up About a minute' ladder_procs=4 waiters=3
00:27:30 availG head=36 worker=37 psi60=0.00 containers=1 health=000 up='Up 2 minutes' ladder_procs=4 waiters=3
00:28:31 availG head=36 worker=37 psi60=0.00 containers=1 health=000 up='Up 3 minutes' ladder_procs=4 waiters=3
00:29:31 availG head=36 worker=37 psi60=0.16 containers=1 health=000 up='Up 4 minutes' ladder_procs=4 waiters=3
00:30:32 availG head=36 worker=37 psi60=0.16 containers=1 health=000 up='Up 5 minutes' ladder_procs=4 waiters=3
00:31:33 availG head=36 worker=37 psi60=0.05 containers=1 health=000 up='Up 6 minutes' ladder_procs=4 waiters=3
00:32:34 availG head=38 worker=37 psi60=2.33 containers=1 health=000 up='Up 7 minutes' ladder_procs=4 waiters=3
00:33:50 availG head=35 worker=34 psi60=29.65 containers=1 health=000 up='Up 8 minutes' ladder_procs=4 waiters=3
00:34:54 availG head=18 worker=18 psi60=14.06 containers=1 health=000 up='Up 9 minutes' ladder_procs=4 waiters=3
00:35:55 availG head=17 worker=18 psi60=4.84 containers=1 health=200 up='Up 10 minutes' ladder_procs=4 waiters=3
00:36:57 availG head=16 worker=17 psi60=1.78 containers=1 health=200 up='Up 11 minutes' ladder_procs=4 waiters=3
00:37:59 availG head=16 worker=17 psi60=0.63 containers=1 health=200 up='Up 12 minutes' ladder_procs=4 waiters=3
00:39:01 availG head=16 worker=17 psi60=0.21 containers=1 health=200 up='Up 14 minutes' ladder_procs=4 waiters=3
00:40:03 availG head=16 worker=17 psi60=0.07 containers=1 health=200 up='Up 15 minutes' ladder_procs=4 waiters=3
00:41:05 availG head=16 worker=17 psi60=0.02 containers=1 health=200 up='Up 16 minutes' ladder_procs=4 waiters=3
00:42:07 availG head=16 worker=17 psi60=0.00 containers=1 health=200 up='Up 17 minutes' ladder_procs=4 waiters=3
00:43:09 availG head=16 worker=17 psi60=0.00 containers=1 health=200 up='Up 18 minutes' ladder_procs=4 waiters=3
00:44:10 availG head=16 worker=17 psi60=0.00 containers=1 health=200 up='Up 19 minutes' ladder_procs=4 waiters=3
00:45:12 availG head=16 worker=17 psi60=0.00 containers=1 health=200 up='Up 20 minutes' ladder_procs=4 waiters=3
00:46:14 availG head=16 worker=17 psi60=0.00 containers=1 health=200 up='Up 21 minutes' ladder_procs=4 waiters=3
00:47:16 availG head=16 worker=17 psi60=0.00 containers=1 health=200 up='Up 22 minutes' ladder_procs=4 waiters=3
00:48:19 availG head=16 worker=17 psi60=0.00 containers=1 health=200 up='Up 23 minutes' ladder_procs=4 waiters=3
00:49:21 availG head=16 worker=17 psi60=0.00 containers=1 health=200 up='Up 24 minutes' ladder_procs=4 waiters=3
00:50:24 availG head=16 worker=17 psi60=0.00 containers=1 health=200 up='Up 25 minutes' ladder_procs=4 waiters=3
00:51:26 availG head=16 worker=17 psi60=0.00 containers=1 health=200 up='Up 26 minutes' ladder_procs=4 waiters=3
00:52:30 availG head=16 worker=17 psi60=0.00 containers=1 health=000 up='Up 27 minutes' ladder_procs=4 waiters=3
00:53:34 availG head=16 worker=17 psi60=0.07 containers=1 health=000 up='Up 28 minutes' ladder_procs=4 waiters=3
00:54:38 availG head=16 worker=17 psi60=0.02 containers=1 health=000 up='Up 29 minutes' ladder_procs=4 waiters=3
00:55:41 availG head=16 worker=17 psi60=0.00 containers=1 health=200 up='Up 30 minutes' ladder_procs=4 waiters=3
00:56:44 availG head=16 worker=17 psi60=0.00 containers=1 health=200 up='Up 31 minutes' ladder_procs=4 waiters=3
00:57:48 availG head=16 worker=17 psi60=0.00 containers=1 health=000 up='Up 32 minutes' ladder_procs=4 waiters=3
00:58:51 availG head=16 worker=17 psi60=0.00 containers=1 health=200 up='Up 33 minutes' ladder_procs=4 waiters=3
00:59:54 availG head=16 worker=17 psi60=0.00 containers=1 health=000 up='Up 34 minutes' ladder_procs=4 waiters=3
01:00:56 availG head=16 worker=17 psi60=0.00 containers=1 health=200 up='Up 35 minutes' ladder_procs=4 waiters=3
01:01:58 availG head=16 worker=17 psi60=0.00 containers=1 health=200 up='Up 36 minutes' ladder_procs=4 waiters=3
01:03:00 availG head=16 worker=17 psi60=0.00 containers=1 health=200 up='Up 38 minutes' ladder_procs=4 waiters=3
01:04:02 availG head=16 worker=17 psi60=0.00 containers=1 health=200 up='Up 39 minutes' ladder_procs=4 waiters=3
01:05:04 availG head=16 worker=17 psi60=0.00 containers=1 health=200 up='Up 40 minutes' ladder_procs=4 waiters=3
01:06:06 availG head=16 worker=17 psi60=0.00 containers=1 health=200 up='Up 41 minutes' ladder_procs=4 waiters=3
01:07:08 availG head=16 worker=17 psi60=0.00 containers=1 health=200 up='Up 42 minutes' ladder_procs=4 waiters=3
01:08:09 availG head=16 worker=17 psi60=0.00 containers=1 health=200 up='Up 43 minutes' ladder_procs=4 waiters=3
01:09:12 availG head=16 worker=17 psi60=0.00 containers=1 health=200 up='Up 44 minutes' ladder_procs=4 waiters=3
01:10:14 availG head=16 worker=17 psi60=0.00 containers=1 health=200 up='Up 45 minutes' ladder_procs=4 waiters=3
01:11:16 availG head=16 worker=17 psi60=0.00 containers=1 health=200 up='Up 46 minutes' ladder_procs=4 waiters=3
01:12:17 availG head=117 worker=117 psi60=0.00 containers=0 health=000 up='' ladder_procs=4 waiters=3
01:13:18 availG head=113 worker=117 psi60=0.00 containers=1 health=000 up='Up 35 seconds' ladder_procs=4 waiters=3
01:14:18 availG head=45 worker=47 psi60=0.00 containers=1 health=000 up='Up About a minute' ladder_procs=4 waiters=3
01:15:19 availG head=40 worker=44 psi60=0.00 containers=1 health=000 up='Up 2 minutes' ladder_procs=4 waiters=3
01:16:20 availG head=43 worker=47 psi60=0.33 containers=1 health=000 up='Up 3 minutes' ladder_procs=4 waiters=3
01:17:21 availG head=38 worker=41 psi60=0.14 containers=1 health=000 up='Up 4 minutes' ladder_procs=4 waiters=3
01:18:22 availG head=44 worker=26 psi60=2.05 containers=1 health=000 up='Up 5 minutes' ladder_procs=4 waiters=3
01:19:23 availG head=48 worker=48 psi60=0.79 containers=1 health=000 up='Up 6 minutes' ladder_procs=4 waiters=3
01:20:24 availG head=30 worker=47 psi60=3.10 containers=1 health=000 up='Up 7 minutes' ladder_procs=4 waiters=3
01:21:25 availG head=45 worker=45 psi60=2.35 containers=1 health=000 up='Up 8 minutes' ladder_procs=4 waiters=3
01:22:26 availG head=48 worker=41 psi60=0.86 containers=1 health=000 up='Up 9 minutes' ladder_procs=4 waiters=3
01:23:27 availG head=12 worker=12 psi60=1.66 containers=1 health=000 up='Up 10 minutes' ladder_procs=4 waiters=3
01:24:29 availG head=10 worker=11 psi60=0.60 containers=1 health=200 up='Up 11 minutes' ladder_procs=4 waiters=3
01:25:31 availG head=10 worker=11 psi60=0.20 containers=1 health=200 up='Up 12 minutes' ladder_procs=4 waiters=3
01:26:33 availG head=10 worker=11 psi60=0.06 containers=1 health=200 up='Up 13 minutes' ladder_procs=4 waiters=3
01:27:35 availG head=10 worker=11 psi60=0.02 containers=1 health=200 up='Up 14 minutes' ladder_procs=4 waiters=3
01:28:37 availG head=10 worker=11 psi60=0.00 containers=1 health=200 up='Up 15 minutes' ladder_procs=4 waiters=3
01:29:38 availG head=10 worker=11 psi60=0.00 containers=1 health=200 up='Up 16 minutes' ladder_procs=4 waiters=3
01:30:40 availG head=10 worker=11 psi60=0.00 containers=1 health=200 up='Up 17 minutes' ladder_procs=4 waiters=3
01:31:42 availG head=10 worker=11 psi60=0.00 containers=1 health=200 up='Up 18 minutes' ladder_procs=4 waiters=3
01:32:46 availG head=10 worker=11 psi60=0.00 containers=1 health=000 up='Up 20 minutes' ladder_procs=4 waiters=3
01:33:48 availG head=10 worker=11 psi60=0.00 containers=1 health=200 up='Up 21 minutes' ladder_procs=4 waiters=3
01:34:50 availG head=10 worker=11 psi60=0.00 containers=1 health=200 up='Up 22 minutes' ladder_procs=4 waiters=3
01:35:53 availG head=10 worker=11 psi60=0.00 containers=1 health=200 up='Up 23 minutes' ladder_procs=4 waiters=3
01:36:55 availG head=10 worker=11 psi60=0.00 containers=1 health=200 up='Up 24 minutes' ladder_procs=4 waiters=3
01:37:57 availG head=10 worker=11 psi60=0.00 containers=1 health=200 up='Up 25 minutes' ladder_procs=4 waiters=3
01:39:00 availG head=10 worker=11 psi60=0.00 containers=1 health=200 up='Up 26 minutes' ladder_procs=4 waiters=3
01:40:02 availG head=10 worker=11 psi60=0.00 containers=1 health=200 up='Up 27 minutes' ladder_procs=4 waiters=3
01:41:06 availG head=10 worker=11 psi60=0.00 containers=1 health=000 up='Up 28 minutes' ladder_procs=4 waiters=3
01:42:08 availG head=10 worker=11 psi60=0.00 containers=1 health=200 up='Up 29 minutes' ladder_procs=4 waiters=3
01:43:12 availG head=10 worker=11 psi60=0.00 containers=1 health=000 up='Up 30 minutes' ladder_procs=4 waiters=3
01:44:15 availG head=10 worker=11 psi60=0.00 containers=1 health=200 up='Up 31 minutes' ladder_procs=4 waiters=3
01:45:18 availG head=10 worker=11 psi60=0.00 containers=1 health=200 up='Up 32 minutes' ladder_procs=4 waiters=3
01:46:22 availG head=10 worker=11 psi60=0.00 containers=1 health=000 up='Up 33 minutes' ladder_procs=4 waiters=3
01:47:26 availG head=10 worker=11 psi60=0.00 containers=1 health=000 up='Up 34 minutes' ladder_procs=4 waiters=3
01:48:29 availG head=10 worker=11 psi60=0.00 containers=1 health=200 up='Up 35 minutes' ladder_procs=4 waiters=3
01:49:30 availG head=10 worker=11 psi60=0.00 containers=1 health=200 up='Up 36 minutes' ladder_procs=4 waiters=3
01:50:32 availG head=10 worker=11 psi60=0.00 containers=1 health=200 up='Up 37 minutes' ladder_procs=4 waiters=3
01:51:34 availG head=10 worker=11 psi60=0.00 containers=1 health=200 up='Up 38 minutes' ladder_procs=4 waiters=3
01:52:36 availG head=10 worker=11 psi60=0.00 containers=1 health=200 up='Up 39 minutes' ladder_procs=4 waiters=3
01:53:38 availG head=10 worker=11 psi60=0.00 containers=1 health=200 up='Up 40 minutes' ladder_procs=4 waiters=3
01:54:40 availG head=10 worker=11 psi60=0.00 containers=1 health=200 up='Up 41 minutes' ladder_procs=4 waiters=3
01:55:42 availG head=10 worker=11 psi60=0.00 containers=1 health=200 up='Up 42 minutes' ladder_procs=4 waiters=3
01:56:44 availG head=10 worker=11 psi60=0.00 containers=1 health=200 up='Up 44 minutes' ladder_procs=4 waiters=3
01:57:47 availG head=10 worker=11 psi60=0.00 containers=1 health=200 up='Up 45 minutes' ladder_procs=4 waiters=3
01:58:48 availG head=10 worker=11 psi60=0.00 containers=1 health=200 up='Up 46 minutes' ladder_procs=4 waiters=3
01:59:50 availG head=10 worker=11 psi60=0.00 containers=1 health=200 up='Up 47 minutes' ladder_procs=4 waiters=3
02:00:51 availG head=117 worker=117 psi60=0.00 containers=1 health=000 up='Up 7 seconds' ladder_procs=4 waiters=3
02:01:52 availG head=113 worker=115 psi60=0.00 containers=1 health=000 up='Up About a minute' ladder_procs=4 waiters=3
02:02:52 availG head=36 worker=37 psi60=0.00 containers=1 health=000 up='Up 2 minutes' ladder_procs=4 waiters=3
02:03:53 availG head=36 worker=37 psi60=0.00 containers=1 health=000 up='Up 3 minutes' ladder_procs=4 waiters=3
02:04:54 availG head=36 worker=37 psi60=0.00 containers=1 health=000 up='Up 4 minutes' ladder_procs=4 waiters=3
02:05:55 availG head=36 worker=37 psi60=0.00 containers=1 health=000 up='Up 5 minutes' ladder_procs=4 waiters=3
02:06:56 availG head=36 worker=37 psi60=0.00 containers=1 health=000 up='Up 6 minutes' ladder_procs=4 waiters=3
02:07:56 availG head=36 worker=37 psi60=0.15 containers=1 health=000 up='Up 7 minutes' ladder_procs=4 waiters=3
02:08:58 availG head=34 worker=35 psi60=6.24 containers=1 health=000 up='Up 8 minutes' ladder_procs=4 waiters=3
02:09:59 availG head=20 worker=20 psi60=11.31 containers=1 health=000 up='Up 9 minutes' ladder_procs=4 waiters=3
02:11:01 availG head=17 worker=18 psi60=4.16 containers=1 health=200 up='Up 10 minutes' ladder_procs=4 waiters=3
02:12:03 availG head=16 worker=17 psi60=5.49 containers=1 health=200 up='Up 11 minutes' ladder_procs=4 waiters=3
02:13:05 availG head=16 worker=17 psi60=1.95 containers=1 health=200 up='Up 12 minutes' ladder_procs=4 waiters=3
02:14:07 availG head=16 worker=17 psi60=0.69 containers=1 health=200 up='Up 13 minutes' ladder_procs=4 waiters=3
02:15:10 availG head=16 worker=17 psi60=0.24 containers=1 health=200 up='Up 14 minutes' ladder_procs=4 waiters=3
02:16:11 availG head=16 worker=17 psi60=0.08 containers=1 health=200 up='Up 15 minutes' ladder_procs=4 waiters=3
02:17:13 availG head=16 worker=17 psi60=0.02 containers=1 health=200 up='Up 16 minutes' ladder_procs=4 waiters=3
02:18:17 availG head=16 worker=17 psi60=0.00 containers=1 health=000 up='Up 17 minutes' ladder_procs=4 waiters=3
02:19:19 availG head=16 worker=17 psi60=0.00 containers=1 health=200 up='Up 18 minutes' ladder_procs=4 waiters=3
02:20:23 availG head=16 worker=17 psi60=0.00 containers=1 health=000 up='Up 19 minutes' ladder_procs=4 waiters=3
02:21:26 availG head=16 worker=17 psi60=0.00 containers=1 health=200 up='Up 20 minutes' ladder_procs=4 waiters=3
02:22:29 availG head=16 worker=17 psi60=0.00 containers=1 health=200 up='Up 21 minutes' ladder_procs=4 waiters=3
02:23:32 availG head=16 worker=17 psi60=0.00 containers=1 health=000 up='Up 22 minutes' ladder_procs=4 waiters=3
02:24:34 availG head=16 worker=17 psi60=0.00 containers=1 health=200 up='Up 23 minutes' ladder_procs=4 waiters=3
02:25:36 availG head=16 worker=17 psi60=0.00 containers=1 health=200 up='Up 24 minutes' ladder_procs=4 waiters=3
02:26:40 availG head=16 worker=17 psi60=0.00 containers=1 health=000 up='Up 25 minutes' ladder_procs=4 waiters=3
02:27:43 availG head=16 worker=17 psi60=0.00 containers=1 health=200 up='Up 26 minutes' ladder_procs=4 waiters=3
02:28:47 availG head=16 worker=17 psi60=0.00 containers=1 health=000 up='Up 28 minutes' ladder_procs=4 waiters=3
02:29:49 availG head=16 worker=17 psi60=0.00 containers=1 health=200 up='Up 29 minutes' ladder_procs=4 waiters=3
02:30:51 availG head=16 worker=17 psi60=0.00 containers=1 health=200 up='Up 30 minutes' ladder_procs=4 waiters=3
02:31:54 availG head=16 worker=17 psi60=0.00 containers=1 health=000 up='Up 31 minutes' ladder_procs=4 waiters=3
02:32:56 availG head=16 worker=17 psi60=0.00 containers=1 health=200 up='Up 32 minutes' ladder_procs=4 waiters=3
02:33:58 availG head=16 worker=17 psi60=0.00 containers=1 health=200 up='Up 33 minutes' ladder_procs=4 waiters=3
02:35:02 availG head=16 worker=17 psi60=0.00 containers=1 health=000 up='Up 34 minutes' ladder_procs=4 waiters=3
02:36:05 availG head=16 worker=17 psi60=0.00 containers=1 health=200 up='Up 35 minutes' ladder_procs=4 waiters=3
02:37:09 availG head=16 worker=17 psi60=0.00 containers=1 health=000 up='Up 36 minutes' ladder_procs=4 waiters=3
02:38:11 availG head=16 worker=17 psi60=0.00 containers=1 health=200 up='Up 37 minutes' ladder_procs=4 waiters=3
02:39:14 availG head=16 worker=17 psi60=0.00 containers=1 health=200 up='Up 38 minutes' ladder_procs=4 waiters=3
02:40:16 availG head=16 worker=17 psi60=0.00 containers=1 health=200 up='Up 39 minutes' ladder_procs=4 waiters=3
02:41:18 availG head=16 worker=17 psi60=0.00 containers=1 health=200 up='Up 40 minutes' ladder_procs=4 waiters=3
02:42:20 availG head=16 worker=17 psi60=0.00 containers=1 health=200 up='Up 41 minutes' ladder_procs=4 waiters=3
02:43:22 availG head=16 worker=17 psi60=0.00 containers=1 health=200 up='Up 42 minutes' ladder_procs=4 waiters=3
02:44:24 availG head=16 worker=17 psi60=0.00 containers=1 health=200 up='Up 43 minutes' ladder_procs=4 waiters=3
02:45:25 availG head=16 worker=17 psi60=0.00 containers=1 health=200 up='Up 44 minutes' ladder_procs=4 waiters=3
02:46:27 availG head=16 worker=17 psi60=0.00 containers=1 health=200 up='Up 45 minutes' ladder_procs=4 waiters=3
02:47:29 availG head=16 worker=17 psi60=0.00 containers=1 health=200 up='Up 46 minutes' ladder_procs=4 waiters=3
02:48:31 availG head=16 worker=17 psi60=0.00 containers=1 health=200 up='Up 47 minutes' ladder_procs=4 waiters=3
02:49:33 availG head=16 worker=17 psi60=0.00 containers=1 health=200 up='Up 48 minutes' ladder_procs=4 waiters=3
02:50:37 availG head=16 worker=17 psi60=0.00 containers=1 health=000 up='Up 49 minutes' ladder_procs=4 waiters=3
02:51:38 availG head=16 worker=17 psi60=0.00 containers=1 health=200 up='Up 50 minutes' ladder_procs=4 waiters=3
02:52:40 availG head=16 worker=17 psi60=0.00 containers=1 health=200 up='Up 51 minutes' ladder_procs=4 waiters=3
02:53:41 availG head=117 worker=117 psi60=0.00 containers=0 health=000 up='' ladder_procs=3 waiters=3
02:54:42 availG head=115 worker=117 psi60=0.00 containers=1 health=000 up='Up 30 seconds' ladder_procs=3 waiters=2
02:55:43 availG head=108 worker=100 psi60=0.00 containers=1 health=000 up='Up About a minute' ladder_procs=3 waiters=2
02:56:43 availG head=43 worker=46 psi60=0.00 containers=1 health=000 up='Up 2 minutes' ladder_procs=3 waiters=2
02:57:44 availG head=41 worker=45 psi60=0.00 containers=1 health=000 up='Up 3 minutes' ladder_procs=3 waiters=2
02:58:45 availG head=40 worker=43 psi60=0.00 containers=1 health=000 up='Up 4 minutes' ladder_procs=3 waiters=2
02:59:45 availG head=43 worker=46 psi60=0.00 containers=1 health=000 up='Up 5 minutes' ladder_procs=3 waiters=2
03:00:46 availG head=42 worker=44 psi60=0.05 containers=1 health=000 up='Up 6 minutes' ladder_procs=3 waiters=2
03:01:47 availG head=41 worker=39 psi60=0.30 containers=1 health=000 up='Up 7 minutes' ladder_procs=3 waiters=2
03:02:48 availG head=35 worker=30 psi60=2.75 containers=1 health=000 up='Up 8 minutes' ladder_procs=3 waiters=2
03:03:49 availG head=25 worker=43 psi60=1.69 containers=1 health=000 up='Up 9 minutes' ladder_procs=3 waiters=2
03:04:50 availG head=43 worker=47 psi60=0.91 containers=1 health=000 up='Up 10 minutes' ladder_procs=3 waiters=2
03:05:51 availG head=45 worker=45 psi60=0.55 containers=1 health=000 up='Up 11 minutes' ladder_procs=3 waiters=2
03:06:52 availG head=24 worker=26 psi60=0.56 containers=1 health=200 up='Up 12 minutes' ladder_procs=3 waiters=2
03:07:53 availG head=22 worker=25 psi60=0.21 containers=1 health=200 up='Up 13 minutes' ladder_procs=3 waiters=2
03:08:54 availG head=22 worker=25 psi60=0.07 containers=1 health=200 up='Up 14 minutes' ladder_procs=3 waiters=2
03:09:55 availG head=22 worker=25 psi60=0.02 containers=1 health=200 up='Up 15 minutes' ladder_procs=3 waiters=2
03:10:56 availG head=22 worker=25 psi60=0.00 containers=1 health=200 up='Up 16 minutes' ladder_procs=3 waiters=2
03:11:56 availG head=22 worker=25 psi60=0.00 containers=1 health=200 up='Up 17 minutes' ladder_procs=3 waiters=2
03:12:58 availG head=22 worker=24 psi60=0.00 containers=1 health=200 up='Up 18 minutes' ladder_procs=3 waiters=2
03:13:58 availG head=22 worker=24 psi60=0.00 containers=1 health=200 up='Up 19 minutes' ladder_procs=3 waiters=2
03:14:59 availG head=22 worker=24 psi60=0.00 containers=1 health=200 up='Up 20 minutes' ladder_procs=3 waiters=2
03:16:00 availG head=22 worker=24 psi60=0.00 containers=1 health=200 up='Up 21 minutes' ladder_procs=3 waiters=2
03:17:01 availG head=22 worker=24 psi60=0.00 containers=1 health=200 up='Up 22 minutes' ladder_procs=3 waiters=2
03:18:02 availG head=22 worker=24 psi60=0.00 containers=1 health=200 up='Up 23 minutes' ladder_procs=3 waiters=2
03:19:03 availG head=22 worker=25 psi60=0.00 containers=1 health=200 up='Up 24 minutes' ladder_procs=3 waiters=2
03:20:04 availG head=22 worker=25 psi60=0.00 containers=1 health=200 up='Up 25 minutes' ladder_procs=3 waiters=2
03:21:05 availG head=22 worker=25 psi60=0.00 containers=1 health=200 up='Up 26 minutes' ladder_procs=3 waiters=2
03:22:05 availG head=22 worker=25 psi60=0.00 containers=1 health=200 up='Up 27 minutes' ladder_procs=3 waiters=2
03:23:06 availG head=22 worker=25 psi60=0.00 containers=1 health=200 up='Up 28 minutes' ladder_procs=3 waiters=2
03:24:07 availG head=22 worker=25 psi60=0.00 containers=1 health=200 up='Up 29 minutes' ladder_procs=3 waiters=2
03:25:08 availG head=22 worker=25 psi60=0.00 containers=1 health=200 up='Up 30 minutes' ladder_procs=3 waiters=2
03:26:09 availG head=22 worker=25 psi60=0.00 containers=1 health=200 up='Up 31 minutes' ladder_procs=3 waiters=2
03:27:10 availG head=22 worker=25 psi60=0.00 containers=1 health=200 up='Up 32 minutes' ladder_procs=3 waiters=2
03:28:11 availG head=22 worker=25 psi60=0.00 containers=1 health=200 up='Up 33 minutes' ladder_procs=3 waiters=2
03:29:11 availG head=22 worker=24 psi60=0.00 containers=1 health=200 up='Up 34 minutes' ladder_procs=3 waiters=2
03:30:12 availG head=22 worker=25 psi60=0.00 containers=1 health=200 up='Up 36 minutes' ladder_procs=3 waiters=2
03:31:13 availG head=22 worker=25 psi60=0.00 containers=1 health=200 up='Up 37 minutes' ladder_procs=3 waiters=2
03:32:14 availG head=22 worker=25 psi60=0.00 containers=1 health=200 up='Up 38 minutes' ladder_procs=3 waiters=2
03:33:15 availG head=22 worker=25 psi60=0.00 containers=1 health=200 up='Up 39 minutes' ladder_procs=3 waiters=2
03:34:16 availG head=22 worker=25 psi60=0.00 containers=1 health=200 up='Up 40 minutes' ladder_procs=3 waiters=2
03:35:17 availG head=22 worker=25 psi60=0.00 containers=1 health=200 up='Up 41 minutes' ladder_procs=3 waiters=2
03:36:17 availG head=22 worker=25 psi60=0.00 containers=1 health=200 up='Up 42 minutes' ladder_procs=3 waiters=2
03:37:18 availG head=22 worker=25 psi60=0.00 containers=1 health=200 up='Up 43 minutes' ladder_procs=3 waiters=2
03:38:19 availG head=22 worker=24 psi60=0.00 containers=1 health=200 up='Up 44 minutes' ladder_procs=3 waiters=2
03:39:20 availG head=22 worker=25 psi60=0.00 containers=1 health=200 up='Up 45 minutes' ladder_procs=3 waiters=2
03:40:21 availG head=22 worker=24 psi60=0.00 containers=1 health=200 up='Up 46 minutes' ladder_procs=3 waiters=2
03:41:22 availG head=22 worker=24 psi60=0.00 containers=1 health=200 up='Up 47 minutes' ladder_procs=3 waiters=2
03:42:22 availG head=22 worker=25 psi60=0.00 containers=1 health=200 up='Up 48 minutes' ladder_procs=3 waiters=2
03:43:23 availG head=22 worker=25 psi60=0.00 containers=1 health=200 up='Up 49 minutes' ladder_procs=3 waiters=2
03:44:24 availG head=22 worker=24 psi60=0.00 containers=1 health=200 up='Up 50 minutes' ladder_procs=3 waiters=2
03:45:25 availG head=22 worker=24 psi60=0.00 containers=1 health=200 up='Up 51 minutes' ladder_procs=3 waiters=2
03:46:25 availG head=115 worker=117 psi60=0.00 containers=1 health=000 up='Up 27 seconds' ladder_procs=3 waiters=2
03:47:26 availG head=112 worker=114 psi60=0.00 containers=1 health=000 up='Up About a minute' ladder_procs=3 waiters=2
03:48:27 availG head=40 worker=44 psi60=0.00 containers=1 health=000 up='Up 2 minutes' ladder_procs=3 waiters=2
03:49:27 availG head=43 worker=43 psi60=0.00 containers=1 health=000 up='Up 3 minutes' ladder_procs=3 waiters=2
03:50:28 availG head=40 worker=43 psi60=0.00 containers=1 health=000 up='Up 4 minutes' ladder_procs=3 waiters=2
03:51:29 availG head=38 worker=43 psi60=0.17 containers=1 health=000 up='Up 5 minutes' ladder_procs=3 waiters=2
03:52:30 availG head=44 worker=35 psi60=0.05 containers=1 health=000 up='Up 6 minutes' ladder_procs=3 waiters=2
03:53:31 availG head=44 worker=42 psi60=0.42 containers=1 health=000 up='Up 7 minutes' ladder_procs=3 waiters=2
03:54:32 availG head=37 worker=46 psi60=3.29 containers=1 health=000 up='Up 8 minutes' ladder_procs=3 waiters=2
03:55:33 availG head=26 worker=117 psi60=1.26 containers=1 health=000 up='Up 9 minutes' ladder_procs=3 waiters=2
03:56:34 availG head=43 worker=117 psi60=0.46 containers=1 health=000 up='Up 10 minutes' ladder_procs=3 waiters=2
03:57:34 availG head=116 worker=117 psi60=0.53 containers=1 health=000 up='Up 11 minutes' ladder_procs=3 waiters=2
03:58:35 availG head=117 worker=117 psi60=0.18 containers=1 health=000 up='Up 12 minutes' ladder_procs=3 waiters=2
03:59:36 availG head=117 worker=117 psi60=0.06 containers=1 health=000 up='Up 13 minutes' ladder_procs=3 waiters=2
04:00:36 availG head=117 worker=117 psi60=0.01 containers=1 health=000 up='Up 14 minutes' ladder_procs=3 waiters=2
04:01:37 availG head=117 worker=117 psi60=0.00 containers=1 health=000 up='Up 15 minutes' ladder_procs=3 waiters=2
04:02:38 availG head=117 worker=117 psi60=0.00 containers=1 health=000 up='Up 16 minutes' ladder_procs=3 waiters=2
04:03:38 availG head=117 worker=117 psi60=0.00 containers=1 health=000 up='Up 17 minutes' ladder_procs=3 waiters=2
04:04:39 availG head=117 worker=117 psi60=0.00 containers=1 health=000 up='Up 18 minutes' ladder_procs=3 waiters=2
04:05:40 availG head=117 worker=117 psi60=0.00 containers=1 health=000 up='Up 19 minutes' ladder_procs=3 waiters=2
04:06:41 availG head=117 worker=117 psi60=0.00 containers=1 health=000 up='Up 20 minutes' ladder_procs=3 waiters=2
04:07:41 availG head=117 worker=117 psi60=0.00 containers=1 health=000 up='Up 21 minutes' ladder_procs=3 waiters=2
04:08:42 availG head=117 worker=117 psi60=0.00 containers=1 health=000 up='Up 22 minutes' ladder_procs=3 waiters=2
04:09:43 availG head=117 worker=117 psi60=0.00 containers=1 health=000 up='Up 23 minutes' ladder_procs=3 waiters=2
04:10:43 availG head=117 worker=117 psi60=0.00 containers=1 health=000 up='Up 24 minutes' ladder_procs=3 waiters=2
04:11:44 availG head=117 worker=117 psi60=0.00 containers=1 health=000 up='Up 25 minutes' ladder_procs=3 waiters=2
04:12:45 availG head=117 worker=117 psi60=0.00 containers=1 health=000 up='Up 26 minutes' ladder_procs=3 waiters=2
04:13:45 availG head=117 worker=117 psi60=0.00 containers=1 health=000 up='Up 27 minutes' ladder_procs=3 waiters=2
04:14:46 availG head=117 worker=117 psi60=0.00 containers=1 health=000 up='Up 28 minutes' ladder_procs=3 waiters=2
04:15:47 availG head=117 worker=117 psi60=0.00 containers=1 health=000 up='Up 29 minutes' ladder_procs=3 waiters=2
04:16:48 availG head=114 worker=117 psi60=0.00 containers=1 health=000 up='Up 30 seconds' ladder_procs=3 waiters=2
04:17:49 availG head=109 worker=112 psi60=0.00 containers=1 health=000 up='Up About a minute' ladder_procs=3 waiters=2
04:18:49 availG head=39 worker=47 psi60=0.00 containers=1 health=000 up='Up 2 minutes' ladder_procs=3 waiters=2
04:19:50 availG head=43 worker=45 psi60=0.00 containers=1 health=000 up='Up 3 minutes' ladder_procs=3 waiters=2
04:20:51 availG head=41 worker=44 psi60=0.00 containers=1 health=000 up='Up 4 minutes' ladder_procs=3 waiters=2
04:21:51 availG head=40 worker=42 psi60=0.00 containers=1 health=000 up='Up 5 minutes' ladder_procs=3 waiters=2
04:22:52 availG head=42 worker=45 psi60=0.08 containers=1 health=000 up='Up 6 minutes' ladder_procs=3 waiters=2
04:23:53 availG head=40 worker=42 psi60=0.08 containers=1 health=000 up='Up 7 minutes' ladder_procs=3 waiters=2
04:24:54 availG head=35 worker=32 psi60=2.20 containers=1 health=000 up='Up 8 minutes' ladder_procs=3 waiters=2
04:25:55 availG head=25 worker=43 psi60=2.62 containers=1 health=000 up='Up 9 minutes' ladder_procs=3 waiters=2
04:26:56 availG head=42 worker=117 psi60=0.96 containers=1 health=000 up='Up 10 minutes' ladder_procs=3 waiters=2
04:26:56 !!! container up >40 min without health 200
04:27:57 availG head=116 worker=117 psi60=0.62 containers=1 health=000 up='Up 11 minutes' ladder_procs=3 waiters=2
04:28:58 availG head=117 worker=117 psi60=0.21 containers=1 health=000 up='Up 12 minutes' ladder_procs=3 waiters=2
04:29:59 availG head=117 worker=117 psi60=0.07 containers=1 health=000 up='Up 13 minutes' ladder_procs=3 waiters=2
04:30:59 availG head=117 worker=117 psi60=0.02 containers=1 health=000 up='Up 14 minutes' ladder_procs=3 waiters=2
04:32:00 availG head=117 worker=117 psi60=0.00 containers=1 health=000 up='Up 15 minutes' ladder_procs=3 waiters=2
04:33:01 availG head=117 worker=117 psi60=0.00 containers=1 health=000 up='Up 16 minutes' ladder_procs=3 waiters=2
04:34:01 availG head=117 worker=117 psi60=0.00 containers=1 health=000 up='Up 17 minutes' ladder_procs=3 waiters=2
04:35:02 availG head=117 worker=117 psi60=0.00 containers=1 health=000 up='Up 18 minutes' ladder_procs=3 waiters=2
04:36:03 availG head=117 worker=117 psi60=0.00 containers=1 health=000 up='Up 19 minutes' ladder_procs=3 waiters=2
04:37:03 availG head=117 worker=117 psi60=0.00 containers=1 health=000 up='Up 20 minutes' ladder_procs=3 waiters=2
04:38:04 availG head=117 worker=117 psi60=0.00 containers=1 health=000 up='Up 21 minutes' ladder_procs=3 waiters=2
04:39:05 availG head=117 worker=117 psi60=0.00 containers=1 health=000 up='Up 22 minutes' ladder_procs=3 waiters=2
04:40:06 availG head=117 worker=117 psi60=0.00 containers=1 health=000 up='Up 23 minutes' ladder_procs=3 waiters=2
04:41:06 availG head=117 worker=117 psi60=0.00 containers=1 health=000 up='Up 24 minutes' ladder_procs=3 waiters=2
04:42:07 availG head=117 worker=117 psi60=0.00 containers=1 health=000 up='Up 25 minutes' ladder_procs=3 waiters=2
04:43:08 availG head=117 worker=117 psi60=0.00 containers=1 health=000 up='Up 26 minutes' ladder_procs=3 waiters=2
04:44:08 availG head=117 worker=117 psi60=0.00 containers=1 health=000 up='Up 27 minutes' ladder_procs=3 waiters=2
04:45:09 availG head=117 worker=117 psi60=0.00 containers=1 health=000 up='Up 28 minutes' ladder_procs=3 waiters=2
04:46:10 availG head=117 worker=117 psi60=0.00 containers=1 health=000 up='Up 29 minutes' ladder_procs=3 waiters=2
04:47:11 availG head=117 worker=117 psi60=0.00 containers=0 health=000 up='' ladder_procs=2 waiters=2
04:48:11 availG head=117 worker=117 psi60=0.00 containers=0 health=000 up='' ladder_procs=2 waiters=2
04:49:12 availG head=117 worker=117 psi60=0.00 containers=0 health=000 up='' ladder_procs=2 waiters=2
04:50:13 availG head=117 worker=117 psi60=0.00 containers=0 health=000 up='' ladder_procs=2 waiters=2
04:51:13 availG head=117 worker=117 psi60=0.00 containers=0 health=000 up='' ladder_procs=2 waiters=2
04:52:14 availG head=117 worker=117 psi60=0.00 containers=0 health=000 up='' ladder_procs=2 waiters=2
04:53:15 availG head=117 worker=117 psi60=0.00 containers=0 health=000 up='' ladder_procs=2 waiters=2
04:54:15 availG head=117 worker=117 psi60=0.00 containers=0 health=000 up='' ladder_procs=2 waiters=2
04:55:16 availG head=117 worker=117 psi60=0.00 containers=0 health=000 up='' ladder_procs=2 waiters=2
04:56:17 availG head=117 worker=117 psi60=0.00 containers=0 health=000 up='' ladder_procs=2 waiters=2
04:57:18 availG head=117 worker=117 psi60=0.00 containers=0 health=000 up='' ladder_procs=2 waiters=2
04:58:18 availG head=117 worker=117 psi60=0.00 containers=0 health=000 up='' ladder_procs=2 waiters=2
04:59:19 availG head=117 worker=117 psi60=0.00 containers=0 health=000 up='' ladder_procs=2 waiters=2
05:00:20 availG head=117 worker=117 psi60=0.00 containers=0 health=000 up='' ladder_procs=2 waiters=2
05:01:20 availG head=117 worker=117 psi60=0.00 containers=0 health=000 up='' ladder_procs=2 waiters=2
05:02:21 availG head=117 worker=117 psi60=0.00 containers=0 health=000 up='' ladder_procs=2 waiters=2
05:03:22 availG head=117 worker=117 psi60=0.00 containers=0 health=000 up='' ladder_procs=2 waiters=2
05:04:22 availG head=117 worker=117 psi60=0.00 containers=0 health=000 up='' ladder_procs=2 waiters=2
05:05:23 availG head=117 worker=117 psi60=0.00 containers=0 health=000 up='' ladder_procs=2 waiters=2
05:06:24 availG head=117 worker=117 psi60=0.00 containers=0 health=000 up='' ladder_procs=2 waiters=2
05:07:24 availG head=117 worker=117 psi60=0.00 containers=0 health=000 up='' ladder_procs=2 waiters=2
05:08:25 availG head=117 worker=117 psi60=0.00 containers=0 health=000 up='' ladder_procs=2 waiters=2
05:09:26 availG head=117 worker=117 psi60=0.00 containers=0 health=000 up='' ladder_procs=2 waiters=2
05:10:26 availG head=117 worker=117 psi60=0.00 containers=0 health=000 up='' ladder_procs=2 waiters=2
05:11:27 availG head=117 worker=117 psi60=0.00 containers=0 health=000 up='' ladder_procs=2 waiters=2
05:12:28 availG head=117 worker=117 psi60=0.00 containers=0 health=000 up='' ladder_procs=2 waiters=2
05:13:28 availG head=117 worker=117 psi60=0.00 containers=0 health=000 up='' ladder_procs=2 waiters=1
05:14:29 availG head=112 worker=117 psi60=0.00 containers=1 health=000 up='Up 50 seconds' ladder_procs=2 waiters=1
05:15:30 availG head=44 worker=46 psi60=0.00 containers=1 health=000 up='Up About a minute' ladder_procs=2 waiters=1
05:16:31 availG head=41 worker=46 psi60=0.00 containers=1 health=000 up='Up 2 minutes' ladder_procs=2 waiters=1
05:17:31 availG head=39 worker=45 psi60=0.00 containers=1 health=000 up='Up 3 minutes' ladder_procs=2 waiters=1
05:18:32 availG head=37 worker=46 psi60=0.17 containers=1 health=000 up='Up 4 minutes' ladder_procs=2 waiters=1
05:19:33 availG head=41 worker=41 psi60=0.05 containers=1 health=000 up='Up 5 minutes' ladder_procs=2 waiters=1
05:20:34 availG head=39 worker=33 psi60=0.01 containers=1 health=000 up='Up 6 minutes' ladder_procs=2 waiters=1
05:21:35 availG head=38 worker=43 psi60=0.02 containers=1 health=000 up='Up 7 minutes' ladder_procs=2 waiters=1
05:22:36 availG head=28 worker=47 psi60=1.73 containers=1 health=000 up='Up 8 minutes' ladder_procs=2 waiters=1
05:23:37 availG head=42 worker=47 psi60=2.91 containers=1 health=000 up='Up 9 minutes' ladder_procs=2 waiters=1
05:24:38 availG head=46 worker=45 psi60=1.81 containers=1 health=000 up='Up 10 minutes' ladder_procs=2 waiters=1
05:25:39 availG head=25 worker=27 psi60=0.96 containers=1 health=000 up='Up 11 minutes' ladder_procs=2 waiters=1
05:26:40 availG head=117 worker=117 psi60=0.35 containers=0 health=000 up='' ladder_procs=1 waiters=1
05:27:41 availG head=116 worker=117 psi60=0.12 containers=1 health=000 up='Up 17 seconds' ladder_procs=1 waiters=0
05:28:42 availG head=112 worker=115 psi60=0.03 containers=1 health=000 up='Up About a minute' ladder_procs=1 waiters=0
05:29:42 availG head=40 worker=43 psi60=0.01 containers=1 health=000 up='Up 2 minutes' ladder_procs=1 waiters=0
05:30:43 availG head=43 worker=46 psi60=0.00 containers=1 health=000 up='Up 3 minutes' ladder_procs=1 waiters=0
05:31:44 availG head=41 worker=44 psi60=0.00 containers=1 health=000 up='Up 4 minutes' ladder_procs=1 waiters=0
05:32:44 availG head=40 worker=42 psi60=0.00 containers=1 health=000 up='Up 5 minutes' ladder_procs=1 waiters=0
05:33:46 availG head=42 worker=46 psi60=0.00 containers=1 health=000 up='Up 6 minutes' ladder_procs=1 waiters=0
05:34:46 availG head=40 worker=44 psi60=0.00 containers=1 health=000 up='Up 7 minutes' ladder_procs=1 waiters=0
05:35:47 availG head=29 worker=37 psi60=0.00 containers=1 health=000 up='Up 8 minutes' ladder_procs=1 waiters=0
05:36:48 availG head=22 worker=28 psi60=0.62 containers=1 health=000 up='Up 9 minutes' ladder_procs=1 waiters=0
05:37:49 availG head=43 worker=43 psi60=3.27 containers=1 health=000 up='Up 10 minutes' ladder_procs=1 waiters=0
05:38:50 availG head=117 worker=117 psi60=1.16 containers=1 health=000 up='Up 11 minutes' ladder_procs=1 waiters=0
05:39:51 availG head=117 worker=117 psi60=0.42 containers=1 health=000 up='Up 12 minutes' ladder_procs=1 waiters=0
05:40:52 availG head=117 worker=117 psi60=0.14 containers=1 health=000 up='Up 13 minutes' ladder_procs=1 waiters=0
05:41:52 availG head=117 worker=117 psi60=0.04 containers=1 health=000 up='Up 14 minutes' ladder_procs=1 waiters=0
05:42:53 availG head=117 worker=117 psi60=0.01 containers=1 health=000 up='Up 15 minutes' ladder_procs=1 waiters=0
05:43:54 availG head=117 worker=117 psi60=0.00 containers=1 health=000 up='Up 16 minutes' ladder_procs=1 waiters=0
05:44:54 availG head=117 worker=117 psi60=0.00 containers=1 health=000 up='Up 17 minutes' ladder_procs=1 waiters=0
05:45:55 availG head=117 worker=117 psi60=0.00 containers=1 health=000 up='Up 18 minutes' ladder_procs=1 waiters=0
05:46:56 availG head=117 worker=117 psi60=0.00 containers=1 health=000 up='Up 19 minutes' ladder_procs=1 waiters=0
05:47:56 availG head=117 worker=117 psi60=0.00 containers=1 health=000 up='Up 20 minutes' ladder_procs=1 waiters=0
05:48:57 availG head=117 worker=117 psi60=0.00 containers=1 health=000 up='Up 21 minutes' ladder_procs=1 waiters=0
05:49:58 availG head=117 worker=117 psi60=0.00 containers=1 health=000 up='Up 22 minutes' ladder_procs=1 waiters=0
05:50:58 availG head=117 worker=117 psi60=0.00 containers=1 health=000 up='Up 23 minutes' ladder_procs=1 waiters=0
05:51:59 availG head=117 worker=117 psi60=0.00 containers=1 health=000 up='Up 24 minutes' ladder_procs=1 waiters=0
05:53:00 availG head=117 worker=117 psi60=0.00 containers=1 health=000 up='Up 25 minutes' ladder_procs=1 waiters=0
05:54:01 availG head=117 worker=117 psi60=0.00 containers=1 health=000 up='Up 26 minutes' ladder_procs=1 waiters=0
05:55:01 availG head=117 worker=117 psi60=0.00 containers=1 health=000 up='Up 27 minutes' ladder_procs=1 waiters=0
05:56:02 availG head=117 worker=117 psi60=0.00 containers=1 health=000 up='Up 28 minutes' ladder_procs=1 waiters=0
05:57:03 availG head=117 worker=117 psi60=0.00 containers=1 health=000 up='Up 29 minutes' ladder_procs=1 waiters=0
05:58:03 availG head=117 worker=117 psi60=0.00 containers=0 health=000 up='' ladder_procs=0 waiters=0
05:59:04 availG head=117 worker=117 psi60=0.00 containers=0 health=000 up='' ladder_procs=0 waiters=0
06:00:05 availG head=117 worker=117 psi60=0.00 containers=0 health=000 up='' ladder_procs=0 waiters=0
06:01:05 availG head=117 worker=117 psi60=0.00 containers=0 health=000 up='' ladder_procs=0 waiters=0
06:02:06 availG head=117 worker=117 psi60=0.00 containers=0 health=000 up='' ladder_procs=0 waiters=0
06:03:07 availG head=117 worker=117 psi60=0.00 containers=0 health=000 up='' ladder_procs=0 waiters=0
06:04:08 availG head=117 worker=117 psi60=0.00 containers=0 health=000 up='' ladder_procs=0 waiters=0
06:05:08 availG head=117 worker=117 psi60=0.00 containers=0 health=000 up='' ladder_procs=0 waiters=0
06:06:09 availG head=117 worker=117 psi60=0.00 containers=0 health=000 up='' ladder_procs=0 waiters=0
06:07:10 availG head=117 worker=117 psi60=0.00 containers=0 health=000 up='' ladder_procs=0 waiters=0
06:08:10 availG head=117 worker=117 psi60=0.00 containers=0 health=000 up='' ladder_procs=0 waiters=0
06:09:11 availG head=117 worker=117 psi60=0.00 containers=0 health=000 up='' ladder_procs=0 waiters=0
06:10:12 availG head=117 worker=117 psi60=0.00 containers=0 health=000 up='' ladder_procs=0 waiters=0
06:11:12 availG head=117 worker=117 psi60=0.00 containers=0 health=000 up='' ladder_procs=0 waiters=0
06:12:13 availG head=117 worker=117 psi60=0.00 containers=0 health=000 up='' ladder_procs=0 waiters=0
06:13:14 availG head=117 worker=117 psi60=0.00 containers=0 health=000 up='' ladder_procs=0 waiters=0
06:14:15 availG head=117 worker=117 psi60=0.00 containers=0 health=000 up='' ladder_procs=0 waiters=0
06:15:15 availG head=117 worker=117 psi60=0.00 containers=0 health=000 up='' ladder_procs=0 waiters=0
06:16:16 availG head=117 worker=117 psi60=0.00 containers=0 health=000 up='' ladder_procs=0 waiters=0
06:17:17 availG head=117 worker=117 psi60=0.00 containers=0 health=000 up='' ladder_procs=0 waiters=0
06:18:17 availG head=117 worker=117 psi60=0.00 containers=0 health=000 up='' ladder_procs=0 waiters=0
06:19:18 availG head=117 worker=117 psi60=0.00 containers=0 health=000 up='' ladder_procs=0 waiters=0
06:20:19 availG head=117 worker=117 psi60=0.00 containers=0 health=000 up='' ladder_procs=0 waiters=0
06:21:19 availG head=117 worker=117 psi60=0.00 containers=0 health=000 up='' ladder_procs=0 waiters=0
06:22:20 availG head=117 worker=117 psi60=0.00 containers=0 health=000 up='' ladder_procs=0 waiters=0
06:23:21 availG head=117 worker=117 psi60=0.00 containers=0 health=000 up='' ladder_procs=0 waiters=0
06:24:22 availG head=117 worker=117 psi60=0.00 containers=0 health=000 up='' ladder_procs=0 waiters=0
06:25:22 availG head=117 worker=117 psi60=0.00 containers=0 health=000 up='' ladder_procs=0 waiters=0
06:26:23 availG head=117 worker=117 psi60=0.00 containers=0 health=000 up='' ladder_procs=0 waiters=0
06:27:24 availG head=117 worker=117 psi60=0.00 containers=0 health=000 up='' ladder_procs=0 waiters=0
06:28:24 availG head=117 worker=117 psi60=0.00 containers=0 health=000 up='' ladder_procs=0 waiters=0
06:29:25 availG head=117 worker=117 psi60=0.00 containers=0 health=000 up='' ladder_procs=0 waiters=0
06:30:26 availG head=117 worker=117 psi60=0.00 containers=0 health=000 up='' ladder_procs=0 waiters=0
06:31:26 availG head=117 worker=117 psi60=0.00 containers=0 health=000 up='' ladder_procs=0 waiters=0
06:32:27 availG head=117 worker=117 psi60=0.00 containers=0 health=000 up='' ladder_procs=0 waiters=0
06:33:28 availG head=117 worker=117 psi60=0.00 containers=0 health=000 up='' ladder_procs=0 waiters=0
06:34:29 availG head=117 worker=117 psi60=0.00 containers=0 health=000 up='' ladder_procs=0 waiters=0
06:35:29 availG head=117 worker=117 psi60=0.00 containers=0 health=000 up='' ladder_procs=0 waiters=0
06:36:30 availG head=117 worker=117 psi60=0.00 containers=0 health=000 up='' ladder_procs=0 waiters=0
06:37:31 availG head=117 worker=117 psi60=0.00 containers=0 health=000 up='' ladder_procs=0 waiters=0
06:38:31 availG head=117 worker=117 psi60=0.00 containers=0 health=000 up='' ladder_procs=0 waiters=0
06:39:32 availG head=117 worker=117 psi60=0.00 containers=0 health=000 up='' ladder_procs=0 waiters=0
06:40:33 availG head=117 worker=117 psi60=0.00 containers=0 health=000 up='' ladder_procs=0 waiters=0
06:41:33 availG head=117 worker=117 psi60=0.00 containers=0 health=000 up='' ladder_procs=0 waiters=0
06:42:35 availG head=116 worker=117 psi60=0.00 containers=1 health=000 up='Up 12 seconds' ladder_procs=1 waiters=0
06:43:35 availG head=112 worker=116 psi60=0.00 containers=1 health=000 up='Up About a minute' ladder_procs=1 waiters=0
06:44:36 availG head=112 worker=117 psi60=0.00 containers=1 health=000 up='Up 2 minutes' ladder_procs=1 waiters=0
06:45:37 availG head=112 worker=117 psi60=0.00 containers=1 health=000 up='Up 3 minutes' ladder_procs=1 waiters=0
06:46:37 availG head=112 worker=117 psi60=0.00 containers=1 health=000 up='Up 4 minutes' ladder_procs=1 waiters=0
06:47:38 availG head=112 worker=117 psi60=0.00 containers=1 health=000 up='Up 5 minutes' ladder_procs=1 waiters=0
06:48:39 availG head=112 worker=117 psi60=0.00 containers=1 health=000 up='Up 6 minutes' ladder_procs=1 waiters=0
06:49:40 availG head=112 worker=117 psi60=0.00 containers=1 health=000 up='Up 7 minutes' ladder_procs=1 waiters=0
06:50:40 availG head=112 worker=117 psi60=0.00 containers=1 health=000 up='Up 8 minutes' ladder_procs=1 waiters=0
06:51:41 availG head=112 worker=117 psi60=0.00 containers=1 health=000 up='Up 9 minutes' ladder_procs=1 waiters=0
06:52:42 availG head=112 worker=117 psi60=0.00 containers=1 health=000 up='Up 10 minutes' ladder_procs=1 waiters=0
06:53:42 availG head=117 worker=117 psi60=0.00 containers=1 health=000 up='Up 11 minutes' ladder_procs=1 waiters=0
06:54:43 availG head=117 worker=117 psi60=0.00 containers=1 health=000 up='Up 12 minutes' ladder_procs=1 waiters=0
06:55:44 availG head=117 worker=117 psi60=0.00 containers=1 health=000 up='Up 13 minutes' ladder_procs=1 waiters=0
06:56:44 availG head=117 worker=117 psi60=0.00 containers=1 health=000 up='Up 14 minutes' ladder_procs=1 waiters=0
06:57:45 availG head=117 worker=117 psi60=0.00 containers=1 health=000 up='Up 15 minutes' ladder_procs=1 waiters=0
06:58:46 availG head=117 worker=117 psi60=0.00 containers=1 health=000 up='Up 16 minutes' ladder_procs=1 waiters=0
06:59:46 availG head=117 worker=117 psi60=0.00 containers=1 health=000 up='Up 17 minutes' ladder_procs=1 waiters=0
07:00:47 availG head=117 worker=117 psi60=0.00 containers=1 health=000 up='Up 18 minutes' ladder_procs=1 waiters=0
07:01:48 availG head=117 worker=117 psi60=0.00 containers=1 health=000 up='Up 19 minutes' ladder_procs=1 waiters=0
07:02:48 availG head=117 worker=117 psi60=0.00 containers=1 health=000 up='Up 20 minutes' ladder_procs=1 waiters=0
07:03:49 availG head=117 worker=117 psi60=0.00 containers=1 health=000 up='Up 21 minutes' ladder_procs=1 waiters=0
07:04:50 availG head=117 worker=117 psi60=0.00 containers=1 health=000 up='Up 22 minutes' ladder_procs=1 waiters=0
07:05:51 availG head=117 worker=117 psi60=0.00 containers=1 health=000 up='Up 23 minutes' ladder_procs=1 waiters=0
07:06:51 availG head=117 worker=117 psi60=0.00 containers=1 health=000 up='Up 24 minutes' ladder_procs=1 waiters=0
07:07:52 availG head=117 worker=117 psi60=0.00 containers=1 health=000 up='Up 25 minutes' ladder_procs=1 waiters=0
07:08:53 availG head=117 worker=117 psi60=0.00 containers=1 health=000 up='Up 26 minutes' ladder_procs=1 waiters=0
07:09:53 availG head=117 worker=117 psi60=0.00 containers=1 health=000 up='Up 27 minutes' ladder_procs=1 waiters=0
07:10:54 availG head=117 worker=117 psi60=0.00 containers=1 health=000 up='Up 28 minutes' ladder_procs=1 waiters=0
07:11:55 availG head=117 worker=117 psi60=0.00 containers=1 health=000 up='Up 29 minutes' ladder_procs=1 waiters=0
07:12:55 availG head=117 worker=117 psi60=0.00 containers=0 health=000 up='' ladder_procs=0 waiters=0
07:13:56 availG head=117 worker=117 psi60=0.00 containers=0 health=000 up='' ladder_procs=0 waiters=0
07:14:57 availG head=117 worker=117 psi60=0.00 containers=0 health=000 up='' ladder_procs=0 waiters=0
07:15:57 availG head=117 worker=117 psi60=0.00 containers=0 health=000 up='' ladder_procs=0 waiters=0
07:16:58 availG head=117 worker=117 psi60=0.00 containers=0 health=000 up='' ladder_procs=0 waiters=0
07:17:59 availG head=117 worker=117 psi60=0.00 containers=0 health=000 up='' ladder_procs=0 waiters=0
07:19:00 availG head=117 worker=117 psi60=0.00 containers=0 health=000 up='' ladder_procs=0 waiters=0
07:20:00 availG head=117 worker=117 psi60=0.00 containers=0 health=000 up='' ladder_procs=0 waiters=0
07:21:01 availG head=117 worker=117 psi60=0.00 containers=0 health=000 up='' ladder_procs=0 waiters=0
07:22:02 availG head=117 worker=117 psi60=0.00 containers=0 health=000 up='' ladder_procs=0 waiters=0
07:23:02 availG head=117 worker=117 psi60=0.00 containers=0 health=000 up='' ladder_procs=0 waiters=0
07:24:03 availG head=117 worker=117 psi60=0.00 containers=0 health=000 up='' ladder_procs=0 waiters=0
07:25:04 availG head=117 worker=117 psi60=0.00 containers=0 health=000 up='' ladder_procs=0 waiters=0
07:26:05 availG head=117 worker=117 psi60=0.00 containers=0 health=000 up='' ladder_procs=0 waiters=0
07:27:05 availG head=117 worker=117 psi60=0.00 containers=0 health=000 up='' ladder_procs=0 waiters=0
07:28:06 availG head=117 worker=117 psi60=0.00 containers=0 health=000 up='' ladder_procs=0 waiters=0
07:29:07 availG head=117 worker=117 psi60=0.00 containers=0 health=000 up='' ladder_procs=0 waiters=0
07:30:07 availG head=117 worker=117 psi60=0.00 containers=0 health=000 up='' ladder_procs=0 waiters=0
07:31:08 availG head=117 worker=117 psi60=0.00 containers=0 health=000 up='' ladder_procs=0 waiters=0
07:32:09 availG head=117 worker=117 psi60=0.00 containers=0 health=000 up='' ladder_procs=0 waiters=0
07:33:09 availG head=117 worker=117 psi60=0.00 containers=0 health=000 up='' ladder_procs=0 waiters=0
07:34:10 availG head=117 worker=117 psi60=0.00 containers=0 health=000 up='' ladder_procs=0 waiters=0
07:35:11 availG head=117 worker=117 psi60=0.00 containers=0 health=000 up='' ladder_procs=0 waiters=0
07:36:11 availG head=117 worker=117 psi60=0.00 containers=0 health=000 up='' ladder_procs=0 waiters=0
07:37:12 availG head=117 worker=117 psi60=0.00 containers=0 health=000 up='' ladder_procs=0 waiters=0
07:38:13 availG head=117 worker=117 psi60=0.00 containers=0 health=000 up='' ladder_procs=0 waiters=0
07:39:14 availG head=117 worker=117 psi60=0.00 containers=0 health=000 up='' ladder_procs=0 waiters=0
07:40:14 availG head=117 worker=117 psi60=0.00 containers=0 health=000 up='' ladder_procs=0 waiters=0
07:41:15 availG head=117 worker=117 psi60=0.00 containers=0 health=000 up='' ladder_procs=0 waiters=0
07:42:16 availG head=117 worker=117 psi60=0.00 containers=0 health=000 up='' ladder_procs=0 waiters=0
07:43:16 availG head=117 worker=117 psi60=0.00 containers=0 health=000 up='' ladder_procs=0 waiters=0
07:44:17 availG head=117 worker=117 psi60=0.00 containers=0 health=000 up='' ladder_procs=0 waiters=0
07:45:18 availG head=117 worker=117 psi60=0.00 containers=0 health=000 up='' ladder_procs=0 waiters=0
07:46:18 availG head=117 worker=117 psi60=0.00 containers=0 health=000 up='' ladder_procs=0 waiters=0
07:47:19 availG head=117 worker=117 psi60=0.00 containers=0 health=000 up='' ladder_procs=0 waiters=0
07:48:20 availG head=117 worker=117 psi60=0.00 containers=0 health=000 up='' ladder_procs=0 waiters=0
07:49:21 availG head=117 worker=117 psi60=0.00 containers=0 health=000 up='' ladder_procs=0 waiters=0
07:50:21 availG head=117 worker=117 psi60=0.00 containers=0 health=000 up='' ladder_procs=0 waiters=0
07:51:22 availG head=117 worker=117 psi60=0.00 containers=0 health=000 up='' ladder_procs=0 waiters=0
07:52:23 availG head=117 worker=117 psi60=0.00 containers=0 health=000 up='' ladder_procs=0 waiters=0
07:53:23 availG head=117 worker=117 psi60=0.00 containers=0 health=000 up='' ladder_procs=0 waiters=0
07:54:24 availG head=117 worker=117 psi60=0.00 containers=0 health=000 up='' ladder_procs=0 waiters=0
07:55:25 availG head=117 worker=117 psi60=0.00 containers=0 health=000 up='' ladder_procs=0 waiters=0
07:56:25 availG head=117 worker=117 psi60=0.00 containers=0 health=000 up='' ladder_procs=0 waiters=0
07:57:26 availG head=117 worker=117 psi60=0.00 containers=0 health=000 up='' ladder_procs=0 waiters=0
07:58:27 availG head=117 worker=117 psi60=0.00 containers=0 health=000 up='' ladder_procs=0 waiters=0
07:59:27 availG head=117 worker=117 psi60=0.00 containers=0 health=000 up='' ladder_procs=0 waiters=0
08:00:28 availG head=117 worker=117 psi60=0.00 containers=0 health=000 up='' ladder_procs=0 waiters=0
08:01:29 availG head=117 worker=117 psi60=0.00 containers=0 health=000 up='' ladder_procs=3 waiters=0
08:02:30 availG head=112 worker=117 psi60=0.00 containers=1 health=000 up='Up 45 seconds' ladder_procs=2 waiters=0
08:03:30 availG head=43 worker=46 psi60=0.00 containers=1 health=000 up='Up About a minute' ladder_procs=2 waiters=0
08:04:31 availG head=43 worker=44 psi60=0.00 containers=1 health=000 up='Up 2 minutes' ladder_procs=2 waiters=0
08:05:32 availG head=41 worker=43 psi60=0.00 containers=1 health=000 up='Up 3 minutes' ladder_procs=2 waiters=0
08:06:32 availG head=43 worker=46 psi60=0.00 containers=1 health=000 up='Up 4 minutes' ladder_procs=2 waiters=0
08:07:33 availG head=41 worker=44 psi60=0.00 containers=1 health=000 up='Up 5 minutes' ladder_procs=2 waiters=0
08:08:34 availG head=40 worker=43 psi60=0.03 containers=1 health=000 up='Up 6 minutes' ladder_procs=2 waiters=0
08:09:35 availG head=38 worker=36 psi60=1.65 containers=1 health=000 up='Up 7 minutes' ladder_procs=2 waiters=0
08:10:36 availG head=27 worker=26 psi60=2.48 containers=1 health=000 up='Up 8 minutes' ladder_procs=2 waiters=0
08:11:37 availG head=42 worker=42 psi60=0.91 containers=1 health=000 up='Up 9 minutes' ladder_procs=2 waiters=0
08:12:38 availG head=44 worker=44 psi60=0.50 containers=1 health=000 up='Up 10 minutes' ladder_procs=2 waiters=0
08:13:39 availG head=13 worker=15 psi60=1.44 containers=1 health=000 up='Up 11 minutes' ladder_procs=2 waiters=0
08:14:40 availG head=10 worker=13 psi60=0.59 containers=1 health=200 up='Up 12 minutes' ladder_procs=2 waiters=0
08:15:41 availG head=10 worker=13 psi60=0.21 containers=1 health=200 up='Up 13 minutes' ladder_procs=2 waiters=0
08:16:42 availG head=10 worker=13 psi60=0.07 containers=1 health=200 up='Up 14 minutes' ladder_procs=2 waiters=0
08:17:43 availG head=10 worker=13 psi60=0.02 containers=1 health=200 up='Up 15 minutes' ladder_procs=2 waiters=0
08:18:44 availG head=10 worker=13 psi60=0.00 containers=1 health=200 up='Up 16 minutes' ladder_procs=2 waiters=0
08:19:45 availG head=9 worker=13 psi60=0.02 containers=1 health=200 up='Up 18 minutes' ladder_procs=2 waiters=0
08:20:46 availG head=9 worker=13 psi60=0.00 containers=1 health=200 up='Up 19 minutes' ladder_procs=2 waiters=0
08:21:46 availG head=9 worker=13 psi60=0.00 containers=1 health=200 up='Up 20 minutes' ladder_procs=2 waiters=0
08:22:47 availG head=9 worker=13 psi60=0.00 containers=1 health=200 up='Up 21 minutes' ladder_procs=2 waiters=0
08:23:48 availG head=9 worker=13 psi60=0.00 containers=1 health=200 up='Up 22 minutes' ladder_procs=2 waiters=0
08:24:49 availG head=9 worker=13 psi60=0.00 containers=1 health=200 up='Up 23 minutes' ladder_procs=2 waiters=0
08:25:50 availG head=9 worker=13 psi60=0.00 containers=1 health=200 up='Up 24 minutes' ladder_procs=2 waiters=0
08:26:51 availG head=9 worker=13 psi60=0.00 containers=1 health=200 up='Up 25 minutes' ladder_procs=2 waiters=0
08:27:52 availG head=9 worker=13 psi60=0.00 containers=1 health=200 up='Up 26 minutes' ladder_procs=2 waiters=0
08:28:52 availG head=9 worker=13 psi60=0.00 containers=1 health=200 up='Up 27 minutes' ladder_procs=2 waiters=0
08:29:53 availG head=9 worker=13 psi60=0.00 containers=1 health=200 up='Up 28 minutes' ladder_procs=2 waiters=0
08:30:54 availG head=9 worker=13 psi60=0.00 containers=1 health=200 up='Up 29 minutes' ladder_procs=2 waiters=0
08:31:55 availG head=9 worker=13 psi60=0.00 containers=1 health=200 up='Up 30 minutes' ladder_procs=2 waiters=0
08:32:56 availG head=9 worker=13 psi60=0.00 containers=1 health=200 up='Up 31 minutes' ladder_procs=2 waiters=0
08:33:57 availG head=9 worker=13 psi60=0.00 containers=1 health=200 up='Up 32 minutes' ladder_procs=2 waiters=0
08:34:58 availG head=9 worker=13 psi60=0.00 containers=1 health=200 up='Up 33 minutes' ladder_procs=2 waiters=0
08:35:58 availG head=9 worker=13 psi60=0.00 containers=1 health=200 up='Up 34 minutes' ladder_procs=2 waiters=0
08:36:59 availG head=9 worker=13 psi60=0.00 containers=1 health=200 up='Up 35 minutes' ladder_procs=2 waiters=0
08:38:00 availG head=9 worker=13 psi60=0.00 containers=1 health=200 up='Up 36 minutes' ladder_procs=2 waiters=0
08:39:01 availG head=9 worker=13 psi60=0.00 containers=1 health=200 up='Up 37 minutes' ladder_procs=2 waiters=0
08:40:02 availG head=9 worker=13 psi60=0.00 containers=1 health=200 up='Up 38 minutes' ladder_procs=2 waiters=0
08:41:03 availG head=9 worker=13 psi60=0.00 containers=1 health=200 up='Up 39 minutes' ladder_procs=2 waiters=0
08:42:03 availG head=9 worker=13 psi60=0.00 containers=1 health=200 up='Up 40 minutes' ladder_procs=2 waiters=0
08:43:04 availG head=9 worker=13 psi60=0.00 containers=1 health=200 up='Up 41 minutes' ladder_procs=2 waiters=0
08:44:05 availG head=9 worker=13 psi60=0.00 containers=1 health=200 up='Up 42 minutes' ladder_procs=2 waiters=0
08:45:06 availG head=9 worker=13 psi60=0.00 containers=1 health=200 up='Up 43 minutes' ladder_procs=2 waiters=0
08:46:07 availG head=9 worker=13 psi60=0.00 containers=1 health=200 up='Up 44 minutes' ladder_procs=2 waiters=0
08:47:08 availG head=9 worker=13 psi60=0.00 containers=1 health=200 up='Up 45 minutes' ladder_procs=2 waiters=0
08:48:09 availG head=9 worker=13 psi60=0.00 containers=1 health=200 up='Up 46 minutes' ladder_procs=2 waiters=0
08:49:09 availG head=9 worker=13 psi60=0.00 containers=1 health=200 up='Up 47 minutes' ladder_procs=2 waiters=0
08:50:10 availG head=9 worker=13 psi60=0.00 containers=1 health=200 up='Up 48 minutes' ladder_procs=2 waiters=0
08:51:11 availG head=9 worker=13 psi60=0.00 containers=1 health=200 up='Up 49 minutes' ladder_procs=2 waiters=0
08:52:12 availG head=9 worker=13 psi60=0.00 containers=1 health=200 up='Up 50 minutes' ladder_procs=2 waiters=0
08:53:13 availG head=9 worker=13 psi60=0.00 containers=1 health=200 up='Up 51 minutes' ladder_procs=2 waiters=0
08:54:14 availG head=9 worker=13 psi60=0.00 containers=1 health=200 up='Up 52 minutes' ladder_procs=2 waiters=0
08:55:15 availG head=9 worker=13 psi60=0.00 containers=1 health=200 up='Up 53 minutes' ladder_procs=2 waiters=0
08:56:16 availG head=116 worker=117 psi60=0.00 containers=1 health=000 up='Up 5 seconds' ladder_procs=2 waiters=0
08:57:16 availG head=113 worker=115 psi60=0.00 containers=1 health=000 up='Up About a minute' ladder_procs=2 waiters=0
08:58:17 availG head=44 worker=45 psi60=0.00 containers=1 health=000 up='Up 2 minutes' ladder_procs=2 waiters=0
08:59:18 availG head=44 worker=46 psi60=0.00 containers=1 health=000 up='Up 3 minutes' ladder_procs=2 waiters=0
09:00:19 availG head=44 worker=43 psi60=0.00 containers=1 health=000 up='Up 4 minutes' ladder_procs=2 waiters=0
09:01:20 availG head=44 worker=44 psi60=0.08 containers=1 health=000 up='Up 5 minutes' ladder_procs=2 waiters=0
09:02:21 availG head=45 worker=46 psi60=0.02 containers=1 health=000 up='Up 6 minutes' ladder_procs=2 waiters=0
09:03:22 availG head=44 worker=46 psi60=0.02 containers=1 health=000 up='Up 7 minutes' ladder_procs=2 waiters=0
09:04:22 availG head=45 worker=46 psi60=1.55 containers=1 health=000 up='Up 8 minutes' ladder_procs=2 waiters=0
09:05:23 availG head=46 worker=46 psi60=4.72 containers=1 health=000 up='Up 9 minutes' ladder_procs=2 waiters=0
09:06:24 availG head=43 worker=43 psi60=1.89 containers=1 health=000 up='Up 10 minutes' ladder_procs=2 waiters=0
09:07:28 availG head=26 worker=26 psi60=1.61 containers=1 health=000 up='Up 11 minutes' ladder_procs=2 waiters=0
09:08:30 availG head=24 worker=26 psi60=0.55 containers=1 health=200 up='Up 12 minutes' ladder_procs=2 waiters=0
09:09:32 availG head=24 worker=25 psi60=0.19 containers=1 health=200 up='Up 13 minutes' ladder_procs=2 waiters=0
09:10:34 availG head=24 worker=25 psi60=0.06 containers=1 health=200 up='Up 14 minutes' ladder_procs=2 waiters=0
09:11:36 availG head=24 worker=25 psi60=0.01 containers=1 health=200 up='Up 15 minutes' ladder_procs=2 waiters=0
09:12:38 availG head=24 worker=25 psi60=0.00 containers=1 health=200 up='Up 16 minutes' ladder_procs=2 waiters=0
09:13:40 availG head=24 worker=25 psi60=0.00 containers=1 health=200 up='Up 17 minutes' ladder_procs=2 waiters=0
09:14:42 availG head=24 worker=25 psi60=0.00 containers=1 health=200 up='Up 18 minutes' ladder_procs=2 waiters=0
09:15:46 availG head=24 worker=25 psi60=0.00 containers=1 health=000 up='Up 19 minutes' ladder_procs=2 waiters=0
09:16:49 availG head=23 worker=25 psi60=0.00 containers=1 health=200 up='Up 20 minutes' ladder_procs=2 waiters=0
09:17:51 availG head=24 worker=25 psi60=0.00 containers=1 health=200 up='Up 21 minutes' ladder_procs=2 waiters=0
09:18:55 availG head=24 worker=25 psi60=0.00 containers=1 health=000 up='Up 22 minutes' ladder_procs=2 waiters=0
09:19:57 availG head=24 worker=25 psi60=0.00 containers=1 health=200 up='Up 23 minutes' ladder_procs=2 waiters=0
09:20:59 availG head=24 worker=25 psi60=0.00 containers=1 health=200 up='Up 24 minutes' ladder_procs=2 waiters=0
09:22:01 availG head=24 worker=25 psi60=0.00 containers=1 health=200 up='Up 25 minutes' ladder_procs=2 waiters=0
09:23:05 availG head=24 worker=25 psi60=0.00 containers=1 health=000 up='Up 26 minutes' ladder_procs=2 waiters=0
09:24:07 availG head=24 worker=25 psi60=0.00 containers=1 health=200 up='Up 27 minutes' ladder_procs=2 waiters=0
09:25:09 availG head=24 worker=25 psi60=0.00 containers=1 health=200 up='Up 28 minutes' ladder_procs=2 waiters=0
09:26:11 availG head=24 worker=25 psi60=0.00 containers=1 health=200 up='Up 30 minutes' ladder_procs=2 waiters=0
09:27:13 availG head=24 worker=25 psi60=0.00 containers=1 health=200 up='Up 31 minutes' ladder_procs=2 waiters=0
09:28:16 availG head=24 worker=25 psi60=0.00 containers=1 health=000 up='Up 32 minutes' ladder_procs=2 waiters=0
09:29:20 availG head=24 worker=25 psi60=0.00 containers=1 health=000 up='Up 33 minutes' ladder_procs=2 waiters=0
09:30:24 availG head=24 worker=25 psi60=0.00 containers=1 health=000 up='Up 34 minutes' ladder_procs=2 waiters=0
09:31:27 availG head=24 worker=25 psi60=0.00 containers=1 health=200 up='Up 35 minutes' ladder_procs=2 waiters=0
09:32:31 availG head=24 worker=25 psi60=0.00 containers=1 health=000 up='Up 36 minutes' ladder_procs=2 waiters=0
09:33:33 availG head=24 worker=25 psi60=0.00 containers=1 health=200 up='Up 37 minutes' ladder_procs=2 waiters=0
09:34:35 availG head=24 worker=25 psi60=0.00 containers=1 health=200 up='Up 38 minutes' ladder_procs=2 waiters=0
09:35:37 availG head=24 worker=25 psi60=0.00 containers=1 health=200 up='Up 39 minutes' ladder_procs=2 waiters=0
09:36:38 availG head=24 worker=25 psi60=0.00 containers=1 health=200 up='Up 40 minutes' ladder_procs=2 waiters=0
09:37:40 availG head=24 worker=25 psi60=0.00 containers=1 health=200 up='Up 41 minutes' ladder_procs=2 waiters=0
09:38:42 availG head=24 worker=25 psi60=0.00 containers=1 health=200 up='Up 42 minutes' ladder_procs=2 waiters=0
09:39:44 availG head=24 worker=25 psi60=0.00 containers=1 health=200 up='Up 43 minutes' ladder_procs=2 waiters=0
09:40:46 availG head=24 worker=25 psi60=0.00 containers=1 health=200 up='Up 44 minutes' ladder_procs=2 waiters=0
09:41:50 availG head=24 worker=25 psi60=0.00 containers=1 health=000 up='Up 45 minutes' ladder_procs=2 waiters=0
09:42:52 availG head=24 worker=25 psi60=0.00 containers=1 health=200 up='Up 46 minutes' ladder_procs=2 waiters=0
09:43:54 availG head=24 worker=25 psi60=0.00 containers=1 health=200 up='Up 47 minutes' ladder_procs=2 waiters=0
09:44:55 availG head=117 worker=117 psi60=0.00 containers=0 health=000 up='' ladder_procs=2 waiters=0
09:45:55 availG head=113 worker=117 psi60=0.00 containers=1 health=000 up='Up 40 seconds' ladder_procs=2 waiters=0
09:46:56 availG head=44 worker=45 psi60=0.00 containers=1 health=000 up='Up About a minute' ladder_procs=2 waiters=0
09:47:57 availG head=44 worker=45 psi60=0.00 containers=1 health=000 up='Up 2 minutes' ladder_procs=2 waiters=0
09:48:58 availG head=44 worker=43 psi60=0.00 containers=1 health=000 up='Up 3 minutes' ladder_procs=2 waiters=0
09:49:59 availG head=44 worker=43 psi60=0.00 containers=1 health=000 up='Up 4 minutes' ladder_procs=2 waiters=0
09:51:00 availG head=45 worker=47 psi60=0.01 containers=1 health=000 up='Up 5 minutes' ladder_procs=2 waiters=0
09:52:00 availG head=44 worker=47 psi60=0.03 containers=1 health=000 up='Up 6 minutes' ladder_procs=2 waiters=0
09:53:01 availG head=40 worker=47 psi60=0.05 containers=1 health=000 up='Up 7 minutes' ladder_procs=2 waiters=0
09:54:02 availG head=46 worker=47 psi60=1.91 containers=1 health=000 up='Up 8 minutes' ladder_procs=2 waiters=0
09:55:03 availG head=42 worker=45 psi60=1.93 containers=1 health=000 up='Up 9 minutes' ladder_procs=2 waiters=0
09:56:07 availG head=26 worker=26 psi60=1.69 containers=1 health=000 up='Up 10 minutes' ladder_procs=2 waiters=0
09:57:09 availG head=24 worker=25 psi60=0.62 containers=1 health=200 up='Up 11 minutes' ladder_procs=2 waiters=0
09:58:11 availG head=24 worker=25 psi60=0.21 containers=1 health=200 up='Up 12 minutes' ladder_procs=2 waiters=0
09:59:13 availG head=24 worker=25 psi60=0.07 containers=1 health=200 up='Up 13 minutes' ladder_procs=2 waiters=0
10:00:15 availG head=24 worker=24 psi60=0.02 containers=1 health=200 up='Up 14 minutes' ladder_procs=2 waiters=0
10:01:17 availG head=24 worker=24 psi60=0.00 containers=1 health=200 up='Up 16 minutes' ladder_procs=2 waiters=0
10:02:18 availG head=24 worker=24 psi60=0.00 containers=1 health=200 up='Up 17 minutes' ladder_procs=2 waiters=0
10:03:20 availG head=24 worker=24 psi60=0.00 containers=1 health=200 up='Up 18 minutes' ladder_procs=2 waiters=0
10:04:22 availG head=24 worker=24 psi60=0.00 containers=1 health=200 up='Up 19 minutes' ladder_procs=2 waiters=0
10:05:24 availG head=24 worker=24 psi60=0.00 containers=1 health=200 up='Up 20 minutes' ladder_procs=2 waiters=0
10:06:28 availG head=24 worker=24 psi60=0.00 containers=1 health=000 up='Up 21 minutes' ladder_procs=2 waiters=0
10:07:30 availG head=24 worker=24 psi60=0.00 containers=1 health=200 up='Up 22 minutes' ladder_procs=2 waiters=0
10:08:32 availG head=24 worker=24 psi60=0.00 containers=1 health=200 up='Up 23 minutes' ladder_procs=2 waiters=0
10:09:34 availG head=24 worker=24 psi60=0.00 containers=1 health=200 up='Up 24 minutes' ladder_procs=2 waiters=0
10:10:35 availG head=24 worker=24 psi60=0.00 containers=1 health=200 up='Up 25 minutes' ladder_procs=2 waiters=0
10:11:37 availG head=24 worker=24 psi60=0.00 containers=1 health=200 up='Up 26 minutes' ladder_procs=2 waiters=0
10:12:41 availG head=24 worker=24 psi60=0.00 containers=1 health=000 up='Up 27 minutes' ladder_procs=2 waiters=0
10:13:45 availG head=24 worker=24 psi60=0.00 containers=1 health=000 up='Up 28 minutes' ladder_procs=2 waiters=0
10:14:49 availG head=24 worker=24 psi60=0.00 containers=1 health=000 up='Up 29 minutes' ladder_procs=2 waiters=0
10:15:53 availG head=24 worker=24 psi60=0.00 containers=1 health=000 up='Up 30 minutes' ladder_procs=2 waiters=0
10:16:55 availG head=23 worker=24 psi60=0.00 containers=1 health=200 up='Up 31 minutes' ladder_procs=2 waiters=0
10:17:57 availG head=23 worker=24 psi60=0.00 containers=1 health=200 up='Up 32 minutes' ladder_procs=2 waiters=0
10:19:00 availG head=23 worker=24 psi60=0.00 containers=1 health=200 up='Up 33 minutes' ladder_procs=2 waiters=0
10:20:04 availG head=24 worker=24 psi60=0.00 containers=1 health=000 up='Up 34 minutes' ladder_procs=2 waiters=0
10:21:07 availG head=24 worker=24 psi60=0.00 containers=1 health=200 up='Up 35 minutes' ladder_procs=2 waiters=0
10:22:08 availG head=24 worker=24 psi60=0.00 containers=1 health=200 up='Up 36 minutes' ladder_procs=2 waiters=0
10:23:10 availG head=24 worker=24 psi60=0.00 containers=1 health=200 up='Up 37 minutes' ladder_procs=2 waiters=0
10:24:12 availG head=24 worker=24 psi60=0.00 containers=1 health=200 up='Up 38 minutes' ladder_procs=2 waiters=0
10:25:14 availG head=24 worker=24 psi60=0.00 containers=1 health=200 up='Up 39 minutes' ladder_procs=2 waiters=0
10:26:16 availG head=24 worker=24 psi60=0.00 containers=1 health=200 up='Up 41 minutes' ladder_procs=2 waiters=0
10:27:18 availG head=24 worker=24 psi60=0.00 containers=1 health=200 up='Up 42 minutes' ladder_procs=2 waiters=0
10:28:19 availG head=24 worker=24 psi60=0.00 containers=1 health=200 up='Up 43 minutes' ladder_procs=2 waiters=0
10:29:21 availG head=24 worker=24 psi60=0.00 containers=1 health=200 up='Up 44 minutes' ladder_procs=2 waiters=0
10:30:25 availG head=24 worker=24 psi60=0.00 containers=1 health=000 up='Up 45 minutes' ladder_procs=2 waiters=0
10:31:27 availG head=24 worker=24 psi60=0.00 containers=1 health=200 up='Up 46 minutes' ladder_procs=2 waiters=0
10:32:29 availG head=24 worker=24 psi60=0.00 containers=1 health=200 up='Up 47 minutes' ladder_procs=2 waiters=0
10:33:30 availG head=116 worker=117 psi60=0.00 containers=1 health=000 up='Up 12 seconds' ladder_procs=2 waiters=0
10:34:31 availG head=113 worker=115 psi60=0.00 containers=1 health=000 up='Up About a minute' ladder_procs=2 waiters=0
10:35:31 availG head=36 worker=37 psi60=0.00 containers=1 health=000 up='Up 2 minutes' ladder_procs=2 waiters=0
10:36:32 availG head=36 worker=37 psi60=0.00 containers=1 health=000 up='Up 3 minutes' ladder_procs=2 waiters=0
10:37:33 availG head=36 worker=37 psi60=0.00 containers=1 health=000 up='Up 4 minutes' ladder_procs=2 waiters=0
10:38:34 availG head=36 worker=37 psi60=0.37 containers=1 health=000 up='Up 5 minutes' ladder_procs=2 waiters=0
10:39:35 availG head=36 worker=37 psi60=0.12 containers=1 health=000 up='Up 6 minutes' ladder_procs=2 waiters=0
10:40:35 availG head=35 worker=37 psi60=0.04 containers=1 health=000 up='Up 7 minutes' ladder_procs=2 waiters=0
10:41:36 availG head=33 worker=34 psi60=6.68 containers=1 health=000 up='Up 8 minutes' ladder_procs=2 waiters=0
10:42:37 availG head=37 worker=35 psi60=18.30 containers=1 health=000 up='Up 9 minutes' ladder_procs=2 waiters=0
10:43:39 availG head=16 worker=18 psi60=8.05 containers=1 health=200 up='Up 10 minutes' ladder_procs=2 waiters=0
10:44:42 availG head=16 worker=17 psi60=2.77 containers=1 health=200 up='Up 11 minutes' ladder_procs=2 waiters=0
10:45:43 availG head=16 worker=17 psi60=1.01 containers=1 health=200 up='Up 12 minutes' ladder_procs=2 waiters=0
10:46:46 availG head=16 worker=17 psi60=0.37 containers=1 health=200 up='Up 13 minutes' ladder_procs=2 waiters=0
10:47:48 availG head=16 worker=17 psi60=0.12 containers=1 health=200 up='Up 14 minutes' ladder_procs=2 waiters=0
10:48:50 availG head=16 worker=17 psi60=0.03 containers=1 health=200 up='Up 15 minutes' ladder_procs=2 waiters=0
10:49:53 availG head=16 worker=17 psi60=0.01 containers=1 health=200 up='Up 16 minutes' ladder_procs=2 waiters=0
10:50:55 availG head=16 worker=17 psi60=0.00 containers=1 health=200 up='Up 17 minutes' ladder_procs=2 waiters=0
10:51:57 availG head=16 worker=17 psi60=0.00 containers=1 health=200 up='Up 18 minutes' ladder_procs=2 waiters=0
10:52:59 availG head=16 worker=17 psi60=0.00 containers=1 health=200 up='Up 19 minutes' ladder_procs=2 waiters=0
10:54:02 availG head=16 worker=17 psi60=0.10 containers=1 health=200 up='Up 20 minutes' ladder_procs=2 waiters=0
