c=5 round wall 5.6s | per request (submit order): #0:5.56s/320t #1:5.56s/320t #2:5.56s/320t #3:5.64s/320t #4:5.64s/320t
      preemptions +0 | queue time total 0.00s over 5 req | prefill total 1.68s | decode total 26.3s | accept 4.00/draft
c=6 round wall 6.2s | per request (submit order): #0:6.14s/320t #1:6.14s/320t #2:6.14s/320t #3:6.14s/320t #4:6.22s/320t #5:6.22s/320t
      preemptions +0 | queue time total 0.46s over 6 req | prefill total 2.27s | decode total 34.7s | accept 4.00/draft
c=7 round wall 6.2s | per request (submit order): #0:6.14s/320t #1:6.15s/320t #2:6.14s/320t #3:6.24s/320t #4:6.14s/320t #5:6.24s/320t #6:6.24s/320t
      preemptions +0 | queue time total 0.67s over 7 req | prefill total 3.50s | decode total 39.8s | accept 4.00/draft
c=8 round wall 6.4s | per request (submit order): #0:6.33s/320t #1:6.33s/320t #2:6.33s/320t #3:6.33s/320t #4:6.42s/320t #5:6.42s/320t #6:6.42s/320t #7:6.42s/320t
      preemptions +0 | queue time total 0.91s over 8 req | prefill total 4.12s | decode total 46.9s | accept 4.00/draft
c=12 round wall 11.2s | per request (submit order): #0:6.35s/320t #1:6.35s/320t #2:6.67s/320t #3:6.67s/320t #4:6.35s/320t #5:6.67s/320t #6:6.35s/320t #7:6.67s/320t #8:11.20s/320t #9:11.19s/320t #10:11.19s/320t #11:11.19s/320t
      preemptions +0 | queue time total 26.10s over 12 req | prefill total 30.83s | decode total 66.0s | accept 4.00/draft
c=16 round wall 12.9s | per request (submit order): #0:6.38s/320t #1:6.38s/320t #2:6.38s/320t #3:6.38s/320t #4:6.69s/320t #5:6.69s/320t #6:6.69s/320t #7:12.79s/320t #8:6.69s/320t #9:12.79s/320t #10:12.89s/320t #11:12.79s/320t #12:12.79s/320t #13:12.89s/320t #14:12.89s/320t #15:12.89s/320t
      preemptions +0 | queue time total 52.82s over 16 req | prefill total 59.41s | decode total 95.6s | accept 4.00/draft
c=5 round wall 5.6s | per request (submit order): #0:5.49s/320t #1:5.58s/320t #2:5.58s/320t #3:5.58s/320t #4:5.58s/320t
      preemptions +0 | queue time total 0.00s over 5 req | prefill total 1.84s | decode total 26.0s | accept 4.00/draft
c=6 round wall 6.2s | per request (submit order): #0:6.07s/320t #1:6.07s/320t #2:6.07s/320t #3:6.07s/320t #4:6.16s/320t #5:6.16s/320t
      preemptions +0 | queue time total 0.46s over 6 req | prefill total 2.32s | decode total 34.3s | accept 4.00/draft
c=7 round wall 6.3s | per request (submit order): #0:6.18s/320t #1:6.18s/320t #2:6.18s/320t #3:6.18s/320t #4:6.28s/320t #5:6.28s/320t #6:6.28s/320t
      preemptions +0 | queue time total 0.64s over 7 req | prefill total 3.31s | decode total 40.3s | accept 4.00/draft
c=8 round wall 6.4s | per request (submit order): #0:6.33s/320t #1:6.33s/320t #2:6.43s/320t #3:6.43s/320t #4:6.33s/320t #5:6.33s/320t #6:6.43s/320t #7:6.43s/320t
      preemptions +0 | queue time total 0.86s over 8 req | prefill total 3.85s | decode total 47.2s | accept 4.00/draft
c=12 round wall 11.2s | per request (submit order): #0:6.36s/320t #1:6.36s/320t #2:6.36s/320t #3:6.36s/320t #4:6.67s/320t #5:6.67s/320t #6:6.67s/320t #7:6.67s/320t #8:11.18s/320t #9:11.18s/320t #10:11.18s/320t #11:11.18s/320t
      preemptions +0 | queue time total 26.10s over 12 req | prefill total 30.64s | decode total 66.2s | accept 4.00/draft
c=16 round wall 12.8s | per request (submit order): #0:6.36s/320t #1:6.36s/320t #2:6.36s/320t #3:6.67s/320t #4:6.36s/320t #5:6.67s/320t #6:6.67s/320t #7:6.67s/320t #8:12.72s/320t #9:12.72s/320t #10:12.72s/320t #11:12.72s/320t #12:12.82s/320t #13:12.82s/320t #14:12.82s/320t #15:12.82s/320t
      preemptions +0 | queue time total 52.57s over 16 req | prefill total 59.03s | decode total 95.2s | accept 4.00/draft
