ok A-grow0 turns=1 prompt=1484 cached=None 2.46s
ok A-grow1 turns=3 prompt=3090 cached=None 2.91s
ok A-grow2 turns=5 prompt=4639 cached=None 2.57s
ok A-grow3 turns=7 prompt=6191 cached=None 2.27s
ok A-grow4 turns=9 prompt=7772 cached=None 2.81s
ok A-grow5 turns=11 prompt=9325 cached=None 1.72s
ok A-grow6 turns=13 prompt=10862 cached=None 2.98s
ok A-grow7 turns=15 prompt=12446 cached=None 2.35s
ok A-grow8 turns=17 prompt=13924 cached=None 2.36s
ok A-grow9 turns=19 prompt=15546 cached=None 1.68s
ok A-grow10 turns=21 prompt=17129 cached=None 2.23s
ok A-grow11 turns=23 prompt=18703 cached=None 1.45s
ok A-grow12 turns=25 prompt=20251 cached=None 2.04s
ok A-grow13 turns=27 prompt=21760 cached=None 1.65s
ok A-grow14 turns=29 prompt=23235 cached=None 2.53s
ok A-grow15 turns=31 prompt=24753 cached=None 2.02s
ok A-grow16 turns=33 prompt=26229 cached=None 2.25s
ok A-grow17 turns=35 prompt=27792 cached=None 1.51s
ok A-grow18 turns=37 prompt=29381 cached=None 2.43s
ok A-grow19 turns=39 prompt=30902 cached=None 1.38s
ok A-shrink0 turns=37 prompt=28558 cached=None 3.23s
ok A-shrink1 turns=35 prompt=27037 cached=None 2.63s
ok A-shrink2 turns=33 prompt=25566 cached=None 2.95s
ok A-shrink3 turns=31 prompt=24000 cached=None 2.61s
ok A-shrink4 turns=29 prompt=22515 cached=None 3.16s
ok A-tool0 turns=33 prompt=22651 cached=None 1.28s
ok A-tool1 turns=37 prompt=22764 cached=None 1.37s
ok A-tool2 turns=41 prompt=22878 cached=None 1.34s
ok C1-grow0 turns=1 prompt=1429 cached=None 4.69s
ok C3-grow0 turns=1 prompt=1543 cached=None 4.69s
ok C0-grow0 turns=1 prompt=1489 cached=None 4.69s
ok C2-grow0 turns=1 prompt=1514 cached=None 4.77s
ok C4-grow0 turns=1 prompt=1493 cached=None 4.77s
ok C0-grow1 turns=3 prompt=3101 cached=None 6.6s
ok C1-grow1 turns=3 prompt=2965 cached=None 8.68s
ok C3-grow1 turns=3 prompt=3105 cached=None 8.71s
ok C2-grow1 turns=3 prompt=3032 cached=None 8.72s
ok C4-grow1 turns=3 prompt=3073 cached=None 9.75s
ok C2-grow2 turns=5 prompt=4504 cached=None 7.75s
ok C4-grow2 turns=5 prompt=4678 cached=None 6.72s
ok C0-grow2 turns=5 prompt=4689 cached=None 9.96s
ok C2-grow3 turns=7 prompt=6103 cached=None 3.44s
ok C1-grow2 turns=5 prompt=4582 cached=None 11.32s
ok C3-grow2 turns=5 prompt=4695 cached=None 11.41s
ok C0-grow3 turns=7 prompt=6268 cached=None 7.15s
ok C4-grow3 turns=7 prompt=6266 cached=None 9.2s
ok C2-grow4 turns=9 prompt=7571 cached=None 6.96s
ok C2-grow5 turns=11 prompt=9062 cached=None 1.87s
ok C0-grow4 turns=9 prompt=7837 cached=None 7.07s
ok C0-grow5 turns=11 prompt=9374 cached=None 1.37s
ok C2-grow6 turns=13 prompt=10569 cached=None 5.09s
ok C1-grow3 turns=7 prompt=6133 cached=None 15.19s
ok C2-grow7 turns=15 prompt=12213 cached=None 1.26s
ok C3-grow3 turns=7 prompt=6302 cached=None 15.15s
ok C4-grow4 turns=9 prompt=7808 cached=None 9.56s
ok C0-grow6 turns=13 prompt=10929 cached=None 4.23s
ok C3-grow4 turns=9 prompt=7972 cached=None 3.3s
ok C3-grow5 turns=11 prompt=9507 cached=None 2.27s
ok C0-grow7 turns=15 prompt=12450 cached=None 5.21s
ok C3-grow6 turns=13 prompt=10992 cached=None 0.76s
ok C3-grow7 turns=15 prompt=12509 cached=None 1.23s
ok C4-grow5 turns=11 prompt=9365 cached=None 8.23s
ok C1-grow4 turns=9 prompt=7804 cached=None 10.1s
ok C4-grow6 turns=13 prompt=10898 cached=None 4.06s
ok C1-grow5 turns=11 prompt=9368 cached=None 4.15s
ok C4-grow7 turns=15 prompt=12433 cached=None 3.92s
ok C1-grow6 turns=13 prompt=10890 cached=None 3.39s
ok C1-grow7 turns=15 prompt=12429 cached=None 2.55s
GATE {"requests": 68, "failures": 0, "cached_hits": 0, "max_cached_tokens": 0, "server_prefix_hit_tokens": 580160.0, "health": true, "verdict": "PASS"}
