ok A-grow0 turns=1 prompt=1484 cached=None 3.1s
ok A-grow1 turns=3 prompt=3090 cached=None 3.17s
ok A-grow2 turns=5 prompt=4639 cached=None 3.67s
ok A-grow3 turns=7 prompt=6216 cached=None 3.28s
ok A-grow4 turns=9 prompt=7797 cached=None 5.93s
ok A-grow5 turns=11 prompt=9371 cached=None 3.45s
ok A-grow6 turns=13 prompt=10930 cached=None 4.05s
ok A-grow7 turns=15 prompt=12527 cached=None 3.52s
ok A-grow8 turns=17 prompt=14022 cached=None 4.1s
ok A-grow9 turns=19 prompt=15670 cached=None 2.87s
ok A-grow10 turns=21 prompt=17256 cached=None 3.57s
ok A-grow11 turns=23 prompt=18830 cached=None 3.24s
ok A-grow12 turns=25 prompt=20403 cached=None 3.26s
ok A-grow13 turns=27 prompt=21915 cached=None 2.44s
ok A-grow14 turns=29 prompt=23384 cached=None 3.84s
ok A-grow15 turns=31 prompt=24911 cached=None 2.97s
ok A-grow16 turns=33 prompt=26389 cached=None 4.51s
ok A-grow17 turns=35 prompt=27968 cached=None 2.47s
ok A-grow18 turns=37 prompt=29557 cached=None 3.38s
ok A-grow19 turns=39 prompt=31083 cached=None 2.56s
ok A-shrink0 turns=37 prompt=28734 cached=None 3.84s
ok A-shrink1 turns=35 prompt=27213 cached=None 3.04s
ok A-shrink2 turns=33 prompt=25726 cached=None 3.59s
ok A-shrink3 turns=31 prompt=24158 cached=None 3.2s
ok A-shrink4 turns=29 prompt=22664 cached=None 3.62s
ok A-tool0 turns=33 prompt=22796 cached=None 1.85s
ok A-tool1 turns=37 prompt=22909 cached=None 1.77s
ok A-tool2 turns=41 prompt=23023 cached=None 1.84s
ok C2-grow0 turns=1 prompt=1514 cached=None 3.99s
ok C1-grow0 turns=1 prompt=1429 cached=None 5.97s
ok C4-grow0 turns=1 prompt=1493 cached=None 6.05s
ok C0-grow0 turns=1 prompt=1489 cached=None 8.41s
ok C3-grow0 turns=1 prompt=1543 cached=None 8.49s
ok C2-grow1 turns=3 prompt=3046 cached=None 7.3s
ok C1-grow1 turns=3 prompt=2991 cached=None 7.93s
ok C4-grow1 turns=3 prompt=3105 cached=None 7.93s
ok C0-grow1 turns=3 prompt=3007 cached=None 8.47s
ok C3-grow1 turns=3 prompt=3123 cached=None 11.0s
ok C2-grow2 turns=5 prompt=4649 cached=None 8.28s
ok C1-grow2 turns=5 prompt=4608 cached=None 10.51s
ok C3-grow2 turns=5 prompt=4728 cached=None 6.18s
ok C4-grow2 turns=5 prompt=4695 cached=None 12.88s
ok C0-grow2 turns=5 prompt=4479 cached=None 14.66s
ok C4-grow3 turns=7 prompt=6204 cached=None 4.73s
ok C2-grow3 turns=7 prompt=6255 cached=None 16.63s
ok C3-grow3 turns=7 prompt=6287 cached=None 14.31s
ok C1-grow3 turns=7 prompt=6215 cached=None 18.0s
ok C4-grow4 turns=9 prompt=7767 cached=None 11.43s
ok C0-grow3 turns=7 prompt=6032 cached=None 15.56s
ok C2-grow4 turns=9 prompt=7860 cached=None 15.26s
ok C3-grow4 turns=9 prompt=7839 cached=None 12.78s
ok C4-grow5 turns=11 prompt=9290 cached=None 10.96s
ok C0-grow4 turns=9 prompt=7593 cached=None 10.29s
ok C1-grow4 turns=9 prompt=7740 cached=None 16.75s
ok C4-grow6 turns=13 prompt=10939 cached=None 9.86s
ok C2-grow5 turns=11 prompt=9460 cached=None 13.79s
ok C4-grow7 turns=15 prompt=12462 cached=None 4.84s
ok C1-grow5 turns=11 prompt=9304 cached=None 10.27s
ok C0-grow5 turns=11 prompt=9232 cached=None 12.19s
ok C3-grow5 turns=11 prompt=9498 cached=None 17.94s
ok C2-grow6 turns=13 prompt=11018 cached=None 9.95s
ok C1-grow6 turns=13 prompt=10812 cached=None 11.06s
ok C3-grow6 turns=13 prompt=11041 cached=None 12.34s
ok C0-grow6 turns=13 prompt=10778 cached=None 15.94s
ok C1-grow7 turns=15 prompt=12340 cached=None 6.33s
ok C3-grow7 turns=15 prompt=12536 cached=None 4.97s
ok C2-grow7 turns=15 prompt=12558 cached=None 12.88s
ok C0-grow7 turns=15 prompt=12305 cached=None 3.4s
GATE {"requests": 68, "failures": 0, "cached_hits": 0, "max_cached_tokens": 0, "server_prefix_hit_tokens": 425600.0, "health": true, "verdict": "PASS"}
