ok A-grow0 turns=1 prompt=1484 cached=None 2.08s
ok A-grow1 turns=3 prompt=3090 cached=None 2.64s
ok A-grow2 turns=5 prompt=4639 cached=None 3.32s
ok A-grow3 turns=7 prompt=6209 cached=None 3.3s
ok A-grow4 turns=9 prompt=7794 cached=None 4.49s
ok A-grow5 turns=11 prompt=9368 cached=None 4.3s
ok A-grow6 turns=13 prompt=10940 cached=None 3.56s
ok A-grow7 turns=15 prompt=12517 cached=None 3.71s
ok A-grow8 turns=17 prompt=14011 cached=None 3.39s
ok A-grow9 turns=19 prompt=15628 cached=None 2.62s
ok A-grow10 turns=21 prompt=17214 cached=None 3.31s
ok A-grow11 turns=23 prompt=18788 cached=None 2.86s
ok A-grow12 turns=25 prompt=20354 cached=None 3.74s
ok A-grow13 turns=27 prompt=21884 cached=None 2.53s
ok A-grow14 turns=29 prompt=23359 cached=None 3.43s
ok A-grow15 turns=31 prompt=24884 cached=None 3.0s
ok A-grow16 turns=33 prompt=26354 cached=None 3.58s
ok A-grow17 turns=35 prompt=27933 cached=None 2.86s
ok A-grow18 turns=37 prompt=29537 cached=None 3.37s
ok A-grow19 turns=39 prompt=31057 cached=None 2.66s
ok A-shrink0 turns=37 prompt=28714 cached=None 3.29s
ok A-shrink1 turns=35 prompt=27178 cached=None 2.96s
ok A-shrink2 turns=33 prompt=25691 cached=None 3.58s
ok A-shrink3 turns=31 prompt=24131 cached=None 3.27s
ok A-shrink4 turns=29 prompt=22639 cached=None 3.78s
ok A-tool0 turns=33 prompt=22774 cached=None 3.34s
ok A-tool1 turns=37 prompt=22889 cached=None 1.87s
ok A-tool2 turns=41 prompt=23005 cached=None 1.9s
ok C3-grow0 turns=1 prompt=1543 cached=None 4.59s
ok C1-grow0 turns=1 prompt=1429 cached=None 4.67s
ok C2-grow0 turns=1 prompt=1514 cached=None 4.76s
ok C4-grow0 turns=1 prompt=1493 cached=None 4.76s
ok C0-grow0 turns=1 prompt=1489 cached=None 4.76s
ok C4-grow1 turns=3 prompt=3011 cached=None 5.78s
ok C1-grow1 turns=3 prompt=2991 cached=None 6.37s
ok C0-grow1 turns=3 prompt=3069 cached=None 6.28s
ok C3-grow1 turns=3 prompt=3083 cached=None 6.94s
ok C2-grow1 turns=3 prompt=3126 cached=None 7.17s
ok C4-grow2 turns=5 prompt=4577 cached=None 3.52s
ok C1-grow2 turns=5 prompt=4598 cached=None 5.29s
ok C0-grow2 turns=5 prompt=4631 cached=None 7.81s
ok C3-grow2 turns=5 prompt=4555 cached=None 10.6s
ok C2-grow2 turns=5 prompt=4731 cached=None 13.36s
ok C4-grow3 turns=7 prompt=6161 cached=None 13.57s
ok C1-grow3 turns=7 prompt=6174 cached=None 14.33s
ok C0-grow3 turns=7 prompt=6194 cached=None 14.8s
ok C3-grow3 turns=7 prompt=6064 cached=None 15.29s
ok C2-grow3 turns=7 prompt=6284 cached=None 15.9s
ok C4-grow4 turns=9 prompt=7727 cached=None 16.85s
ok C1-grow4 turns=9 prompt=7747 cached=None 18.11s
ok C0-grow4 turns=9 prompt=7743 cached=None 18.94s
ok C3-grow4 turns=9 prompt=7589 cached=None 19.44s
ok C2-grow4 turns=9 prompt=7835 cached=None 19.77s
ok C4-grow5 turns=11 prompt=9259 cached=None 19.05s
ok C1-grow5 turns=11 prompt=9343 cached=None 17.93s
ok C0-grow5 turns=11 prompt=9402 cached=None 17.06s
ok C3-grow5 turns=11 prompt=9260 cached=None 16.22s
ok C2-grow5 turns=11 prompt=9494 cached=None 15.56s
ok C4-grow6 turns=13 prompt=10782 cached=None 15.92s
ok C1-grow6 turns=13 prompt=10880 cached=None 15.77s
ok C0-grow6 turns=13 prompt=10960 cached=None 16.49s
ok C3-grow6 turns=13 prompt=10792 cached=None 17.22s
ok C2-grow6 turns=13 prompt=11058 cached=None 17.67s
ok C4-grow7 turns=15 prompt=12287 cached=None 17.32s
ok C1-grow7 turns=15 prompt=12412 cached=None 17.2s
ok C0-grow7 turns=15 prompt=12491 cached=None 16.58s
ok C3-grow7 turns=15 prompt=12309 cached=None 15.75s
ok C2-grow7 turns=15 prompt=12583 cached=None 14.29s
GATE {"requests": 68, "failures": 0, "cached_hits": 0, "max_cached_tokens": 0, "server_prefix_hit_tokens": 425600.0, "health": true, "verdict": "PASS"}
