ok A-grow0 turns=1 prompt=1484 cached=None 3.02s
ok A-grow1 turns=3 prompt=3090 cached=None 3.01s
ok A-grow2 turns=5 prompt=4639 cached=None 2.91s
ok A-grow3 turns=7 prompt=6191 cached=None 3.16s
ok A-grow4 turns=9 prompt=7772 cached=None 4.41s
ok A-grow5 turns=11 prompt=9344 cached=None 2.88s
ok A-grow6 turns=13 prompt=10885 cached=None 4.57s
ok A-grow7 turns=15 prompt=12463 cached=None 3.44s
ok A-grow8 turns=17 prompt=13943 cached=None 3.34s
ok A-grow9 turns=19 prompt=15562 cached=None 2.69s
ok A-grow10 turns=21 prompt=17147 cached=None 3.31s
ok A-grow11 turns=23 prompt=18724 cached=None 3.5s
ok A-grow12 turns=25 prompt=20288 cached=None 3.17s
ok A-grow13 turns=27 prompt=21800 cached=None 2.56s
ok A-grow14 turns=29 prompt=23275 cached=None 3.43s
ok A-grow15 turns=31 prompt=24797 cached=None 2.65s
ok A-grow16 turns=33 prompt=26268 cached=None 3.21s
ok A-grow17 turns=35 prompt=27839 cached=None 3.08s
ok A-grow18 turns=37 prompt=29448 cached=None 3.34s
ok A-grow19 turns=39 prompt=30971 cached=None 2.59s
ok A-shrink0 turns=37 prompt=28625 cached=None 3.49s
ok A-shrink1 turns=35 prompt=27084 cached=None 2.89s
ok A-shrink2 turns=33 prompt=25605 cached=None 3.82s
ok A-shrink3 turns=31 prompt=24044 cached=None 3.22s
ok A-shrink4 turns=29 prompt=22555 cached=None 3.5s
ok A-tool0 turns=33 prompt=22687 cached=None 1.81s
ok A-tool1 turns=37 prompt=22802 cached=None 1.75s
ok A-tool2 turns=41 prompt=22918 cached=None 1.78s
ok C1-grow0 turns=1 prompt=1429 cached=None 4.56s
ok C3-grow0 turns=1 prompt=1543 cached=None 4.63s
ok C0-grow0 turns=1 prompt=1489 cached=None 6.85s
ok C4-grow0 turns=1 prompt=1493 cached=None 6.85s
ok C2-grow0 turns=1 prompt=1514 cached=None 6.98s
ok C4-grow1 turns=3 prompt=3011 cached=None 3.94s
ok C0-grow1 turns=3 prompt=3096 cached=None 6.42s
ok C1-grow1 turns=3 prompt=2969 cached=None 8.89s
ok C3-grow1 turns=3 prompt=3105 cached=None 9.92s
ok C2-grow1 turns=3 prompt=3094 cached=None 9.92s
ok C4-grow2 turns=5 prompt=4577 cached=None 7.83s
ok C0-grow2 turns=5 prompt=4695 cached=None 9.66s
ok C1-grow2 turns=5 prompt=4559 cached=None 10.77s
ok C3-grow2 turns=5 prompt=4577 cached=None 13.29s
ok C4-grow3 turns=7 prompt=6176 cached=None 11.77s
ok C0-grow3 turns=7 prompt=6275 cached=None 7.53s
ok C1-grow3 turns=7 prompt=6126 cached=None 9.16s
ok C3-grow3 turns=7 prompt=6073 cached=None 6.65s
ok C4-grow4 turns=9 prompt=7712 cached=None 8.2s
ok C2-grow2 turns=5 prompt=4699 cached=None 22.34s
ok C0-grow4 turns=9 prompt=7855 cached=None 13.71s
ok C4-grow5 turns=11 prompt=9199 cached=None 8.96s
ok C0-grow5 turns=11 prompt=9386 cached=None 7.49s
ok C3-grow4 turns=9 prompt=7612 cached=None 17.28s
ok C4-grow6 turns=13 prompt=10757 cached=None 7.18s
ok C1-grow4 turns=9 prompt=7712 cached=None 25.85s
ok C2-grow3 turns=7 prompt=6250 cached=None 20.08s
ok C4-grow7 turns=15 prompt=12392 cached=None 7.96s
ok C3-grow5 turns=11 prompt=9256 cached=None 12.8s
ok C0-grow6 turns=13 prompt=11023 cached=None 15.31s
ok C1-grow5 turns=11 prompt=9277 cached=None 10.97s
ok C3-grow6 turns=13 prompt=10817 cached=None 8.03s
ok C0-grow7 turns=15 prompt=12533 cached=None 6.26s
ok C2-grow4 turns=9 prompt=7790 cached=None 15.04s
ok C3-grow7 turns=15 prompt=12338 cached=None 5.55s
ok C1-grow6 turns=13 prompt=10823 cached=None 8.55s
ok C2-grow5 turns=11 prompt=9350 cached=None 4.39s
ok C2-grow6 turns=13 prompt=10861 cached=None 5.27s
ok C1-grow7 turns=15 prompt=12355 cached=None 7.8s
ok C2-grow7 turns=15 prompt=12368 cached=None 3.22s
GATE {"requests": 68, "failures": 0, "cached_hits": 0, "max_cached_tokens": 0, "health": true, "verdict": "PASS"}
