ok A-grow0 turns=1 prompt=1484 cached=None 2.4s
ok A-grow1 turns=3 prompt=3090 cached=None 2.85s
ok A-grow2 turns=5 prompt=4639 cached=None 2.4s
ok A-grow3 turns=7 prompt=6188 cached=None 2.34s
ok A-grow4 turns=9 prompt=7769 cached=None 3.19s
ok A-grow5 turns=11 prompt=9329 cached=None 1.89s
ok A-grow6 turns=13 prompt=10872 cached=None 3.02s
ok A-grow7 turns=15 prompt=12455 cached=None 2.93s
ok A-grow8 turns=17 prompt=13948 cached=None 2.4s
ok A-grow9 turns=19 prompt=15570 cached=None 2.12s
ok A-grow10 turns=21 prompt=17164 cached=None 2.11s
ok A-grow11 turns=23 prompt=18738 cached=None 2.03s
ok A-grow12 turns=25 prompt=20298 cached=None 2.04s
ok A-grow13 turns=27 prompt=21808 cached=None 1.63s
ok A-grow14 turns=29 prompt=23283 cached=None 2.62s
ok A-grow15 turns=31 prompt=24801 cached=None 2.02s
ok A-grow16 turns=33 prompt=26274 cached=None 2.65s
ok A-grow17 turns=35 prompt=27850 cached=None 1.46s
ok A-grow18 turns=37 prompt=29439 cached=None 2.55s
ok A-grow19 turns=39 prompt=30962 cached=None 1.42s
ok A-shrink0 turns=37 prompt=28616 cached=None 3.89s
ok A-shrink1 turns=35 prompt=27095 cached=None 2.46s
ok A-shrink2 turns=33 prompt=25611 cached=None 3.19s
ok A-shrink3 turns=31 prompt=24048 cached=None 2.6s
ok A-shrink4 turns=29 prompt=22563 cached=None 3.02s
ok A-tool0 turns=33 prompt=22695 cached=None 1.35s
ok A-tool1 turns=37 prompt=22808 cached=None 1.28s
ok A-tool2 turns=41 prompt=22922 cached=None 1.34s
ok C0-grow0 turns=1 prompt=1489 cached=None 6.15s
ok C1-grow0 turns=1 prompt=1429 cached=None 6.15s
ok C4-grow0 turns=1 prompt=1493 cached=None 6.24s
ok C3-grow0 turns=1 prompt=1543 cached=None 6.24s
ok C2-grow0 turns=1 prompt=1514 cached=None 7.25s
ok C3-grow1 turns=3 prompt=3061 cached=None 5.95s
ok C0-grow1 turns=3 prompt=3029 cached=None 8.43s
ok C1-grow1 turns=3 prompt=2991 cached=None 10.73s
ok C3-grow2 turns=5 prompt=4627 cached=None 4.73s
ok C4-grow1 turns=3 prompt=3105 cached=None 10.69s
ok C2-grow1 turns=3 prompt=3094 cached=None 9.75s
ok C0-grow2 turns=5 prompt=4630 cached=None 9.1s
ok C3-grow3 turns=7 prompt=6082 cached=None 8.4s
ok C1-grow2 turns=5 prompt=4581 cached=None 10.5s
ok C2-grow2 turns=5 prompt=4710 cached=None 10.43s
ok C4-grow2 turns=5 prompt=4710 cached=None 10.59s
ok C0-grow3 turns=7 prompt=6228 cached=None 4.84s
ok C3-grow4 turns=9 prompt=7647 cached=None 7.58s
ok C0-grow4 turns=9 prompt=7811 cached=None 5.87s
ok C2-grow3 turns=7 prompt=6258 cached=None 7.11s
ok C1-grow3 turns=7 prompt=6090 cached=None 10.65s
ok C4-grow3 turns=7 prompt=6317 cached=None 10.64s
ok C0-grow5 turns=11 prompt=9311 cached=None 6.03s
ok C3-grow5 turns=11 prompt=9196 cached=None 9.34s
ok C2-grow4 turns=9 prompt=7790 cached=None 8.86s
ok C3-grow6 turns=13 prompt=10859 cached=None 4.69s
ok C1-grow4 turns=9 prompt=7651 cached=None 9.0s
ok C0-grow6 turns=13 prompt=10963 cached=None 8.83s
ok C4-grow4 turns=9 prompt=7917 cached=None 12.44s
ok C2-grow5 turns=11 prompt=9442 cached=None 7.24s
ok C3-grow7 turns=15 prompt=12400 cached=None 5.86s
ok C1-grow5 turns=11 prompt=9197 cached=None 6.13s
ok C0-grow7 turns=15 prompt=12530 cached=None 3.9s
ok C2-grow6 turns=13 prompt=10991 cached=None 4.62s
ok C1-grow6 turns=13 prompt=10728 cached=None 3.61s
ok C4-grow5 turns=11 prompt=9449 cached=None 7.28s
ok C1-grow7 turns=15 prompt=12251 cached=None 2.54s
ok C2-grow7 turns=15 prompt=12545 cached=None 4.13s
ok C4-grow6 turns=13 prompt=10968 cached=None 2.53s
ok C4-grow7 turns=15 prompt=12511 cached=None 2.31s
GATE {"requests": 68, "failures": 0, "cached_hits": 0, "max_cached_tokens": 0, "server_prefix_hit_tokens": 583296.0, "health": true, "verdict": "PASS"}
