ok A-grow0 turns=1 prompt=1484 cached=None 2.06s
ok A-grow1 turns=3 prompt=3090 cached=None 2.52s
ok A-grow2 turns=5 prompt=4639 cached=None 2.5s
ok A-grow3 turns=7 prompt=6191 cached=None 2.13s
ok A-grow4 turns=9 prompt=7773 cached=None 2.9s
ok A-grow5 turns=11 prompt=9347 cached=None 1.57s
ok A-grow6 turns=13 prompt=10887 cached=None 2.65s
ok A-grow7 turns=15 prompt=12475 cached=None 2.31s
ok A-grow8 turns=17 prompt=13962 cached=None 2.38s
ok A-grow9 turns=19 prompt=15580 cached=None 1.76s
ok A-grow10 turns=21 prompt=17172 cached=None 2.13s
ok A-grow11 turns=23 prompt=18747 cached=None 1.57s
ok A-grow12 turns=25 prompt=20303 cached=None 2.01s
ok A-grow13 turns=27 prompt=21815 cached=None 1.46s
ok A-grow14 turns=29 prompt=23290 cached=None 2.53s
ok A-grow15 turns=31 prompt=24815 cached=None 1.46s
ok A-grow16 turns=33 prompt=26286 cached=None 2.21s
ok A-grow17 turns=35 prompt=27855 cached=None 1.42s
ok A-grow18 turns=37 prompt=29453 cached=None 2.26s
ok A-grow19 turns=39 prompt=30973 cached=None 1.27s
ok A-shrink0 turns=37 prompt=28630 cached=None 2.25s
ok A-shrink1 turns=35 prompt=27100 cached=None 1.87s
ok A-shrink2 turns=33 prompt=25623 cached=None 2.65s
ok A-shrink3 turns=31 prompt=24062 cached=None 2.09s
ok A-shrink4 turns=29 prompt=22570 cached=None 2.62s
ok A-tool0 turns=33 prompt=22708 cached=None 0.83s
ok A-tool1 turns=37 prompt=22823 cached=None 0.72s
ok A-tool2 turns=41 prompt=22939 cached=None 0.77s
ok C3-grow0 turns=1 prompt=1543 cached=None 4.58s
ok C1-grow0 turns=1 prompt=1429 cached=None 4.66s
ok C2-grow0 turns=1 prompt=1514 cached=None 4.75s
ok C0-grow0 turns=1 prompt=1489 cached=None 4.75s
ok C4-grow0 turns=1 prompt=1493 cached=None 4.75s
ok C0-grow1 turns=3 prompt=3007 cached=None 5.69s
ok C0-grow2 turns=5 prompt=4570 cached=None 2.06s
ok C0-grow3 turns=7 prompt=6143 cached=None 1.53s
ok C4-grow1 turns=3 prompt=3073 cached=None 9.28s
ok C2-grow1 turns=3 prompt=3126 cached=None 10.56s
ok C0-grow4 turns=9 prompt=7689 cached=None 2.95s
ok C3-grow1 turns=3 prompt=3083 cached=None 14.08s
ok C1-grow1 turns=3 prompt=2991 cached=None 14.0s
ok C0-grow5 turns=11 prompt=9259 cached=None 4.47s
ok C0-grow6 turns=13 prompt=10722 cached=None 4.25s
ok C4-grow2 turns=5 prompt=4521 cached=None 12.88s
ok C3-grow2 turns=5 prompt=4690 cached=None 8.36s
ok C0-grow7 turns=15 prompt=12231 cached=None 1.41s
ok C1-grow2 turns=5 prompt=4570 cached=None 10.58s
ok C2-grow2 turns=5 prompt=4731 cached=None 15.37s
ok C4-grow3 turns=7 prompt=6110 cached=None 5.61s
ok C1-grow3 turns=7 prompt=6120 cached=None 5.38s
ok C3-grow3 turns=7 prompt=6270 cached=None 7.6s
ok C4-grow4 turns=9 prompt=7648 cached=None 6.18s
ok C2-grow3 turns=7 prompt=6256 cached=None 9.33s
ok C1-grow4 turns=9 prompt=7666 cached=None 8.0s
ok C3-grow4 turns=9 prompt=7870 cached=None 8.15s
ok C4-grow5 turns=11 prompt=9311 cached=None 6.39s
ok C2-grow4 turns=9 prompt=7927 cached=None 7.09s
ok C4-grow6 turns=13 prompt=10855 cached=None 2.1s
ok C1-grow5 turns=11 prompt=9336 cached=None 4.64s
ok C3-grow5 turns=11 prompt=9439 cached=None 8.79s
ok C2-grow5 turns=11 prompt=9500 cached=None 6.35s
ok C4-grow7 turns=15 prompt=12347 cached=None 6.35s
ok C1-grow6 turns=13 prompt=10874 cached=None 9.06s
ok C3-grow6 turns=13 prompt=10973 cached=None 6.46s
ok C2-grow6 turns=13 prompt=11049 cached=None 4.69s
ok C1-grow7 turns=15 prompt=12423 cached=None 2.89s
ok C3-grow7 turns=15 prompt=12495 cached=None 2.59s
ok C2-grow7 turns=15 prompt=12592 cached=None 3.59s
GATE {"requests": 68, "failures": 0, "cached_hits": 0, "max_cached_tokens": 0, "server_prefix_hit_tokens": 585600.0, "health": true, "verdict": "PASS"}
