ok A-grow0 turns=1 prompt=1484 cached=None 2.27s
ok A-grow1 turns=3 prompt=3090 cached=None 2.54s
ok A-grow2 turns=5 prompt=4639 cached=None 2.21s
ok A-grow3 turns=7 prompt=6187 cached=None 2.96s
ok A-grow4 turns=9 prompt=7758 cached=None 3.74s
ok A-grow5 turns=11 prompt=9311 cached=None 2.66s
ok A-grow6 turns=13 prompt=10860 cached=None 3.43s
ok A-grow7 turns=15 prompt=12433 cached=None 3.32s
ok A-grow8 turns=17 prompt=13915 cached=None 3.16s
ok A-grow9 turns=19 prompt=15537 cached=None 2.74s
ok A-grow10 turns=21 prompt=17127 cached=None 3.37s
ok A-grow11 turns=23 prompt=18712 cached=None 2.68s
ok A-grow12 turns=25 prompt=20271 cached=None 3.02s
ok A-grow13 turns=27 prompt=21783 cached=None 2.45s
ok A-grow14 turns=29 prompt=23258 cached=None 3.37s
ok A-grow15 turns=31 prompt=24782 cached=None 2.57s
ok A-grow16 turns=33 prompt=26252 cached=None 3.17s
ok A-grow17 turns=35 prompt=27821 cached=None 2.54s
ok A-grow18 turns=37 prompt=29419 cached=None 3.08s
ok A-grow19 turns=39 prompt=30942 cached=None 2.39s
ok A-shrink0 turns=37 prompt=28596 cached=None 3.43s
ok A-shrink1 turns=35 prompt=27066 cached=None 2.85s
ok A-shrink2 turns=33 prompt=25589 cached=None 3.43s
ok A-shrink3 turns=31 prompt=24029 cached=None 2.9s
ok A-shrink4 turns=29 prompt=22538 cached=None 3.51s
ok A-tool0 turns=33 prompt=22676 cached=None 1.84s
ok A-tool1 turns=37 prompt=22791 cached=None 1.66s
ok A-tool2 turns=41 prompt=22907 cached=None 1.73s
ok C1-grow0 turns=1 prompt=1429 cached=None 4.46s
ok C2-grow0 turns=1 prompt=1514 cached=None 5.59s
ok C3-grow0 turns=1 prompt=1543 cached=None 5.71s
ok C4-grow0 turns=1 prompt=1493 cached=None 5.71s
ok C0-grow0 turns=1 prompt=1489 cached=None 5.78s
ok C3-grow1 turns=3 prompt=3155 cached=None 4.47s
ok C3-grow2 turns=5 prompt=4716 cached=None 2.0s
ok C2-grow1 turns=3 prompt=3076 cached=None 6.69s
ok C0-grow1 turns=3 prompt=3069 cached=None 8.69s
ok C3-grow3 turns=7 prompt=6290 cached=None 4.98s
ok C1-grow1 turns=3 prompt=2969 cached=None 12.72s
ok C3-grow4 turns=9 prompt=7850 cached=None 4.39s
ok C4-grow1 turns=3 prompt=3011 cached=None 16.53s
ok C3-grow5 turns=11 prompt=9410 cached=None 3.84s
ok C0-grow2 turns=5 prompt=4520 cached=None 13.78s
ok C2-grow2 turns=5 prompt=4656 cached=None 15.97s
ok C3-grow6 turns=13 prompt=10872 cached=None 3.48s
ok C3-grow7 turns=15 prompt=12430 cached=None 6.33s
ok C1-grow2 turns=5 prompt=4585 cached=None 18.29s
ok C0-grow3 turns=7 prompt=6049 cached=None 9.44s
ok C2-grow3 turns=7 prompt=6249 cached=None 10.66s
ok C4-grow2 turns=5 prompt=4590 cached=None 19.39s
ok C1-grow3 turns=7 prompt=6149 cached=None 10.16s
ok C2-grow4 turns=9 prompt=7784 cached=None 7.9s
ok C0-grow4 turns=9 prompt=7551 cached=None 13.23s
ok C4-grow3 turns=7 prompt=6151 cached=None 11.74s
ok C1-grow4 turns=9 prompt=7728 cached=None 8.94s
ok C2-grow5 turns=11 prompt=9430 cached=None 9.42s
ok C0-grow5 turns=11 prompt=9205 cached=None 9.53s
ok C2-grow6 turns=13 prompt=10965 cached=None 7.03s
ok C4-grow4 turns=9 prompt=7808 cached=None 10.41s
ok C1-grow5 turns=11 prompt=9284 cached=None 13.78s
ok C0-grow6 turns=13 prompt=10762 cached=None 10.71s
ok C2-grow7 turns=15 prompt=12457 cached=None 7.91s
ok C4-grow5 turns=11 prompt=9344 cached=None 9.6s
ok C1-grow6 turns=13 prompt=10821 cached=None 8.28s
ok C0-grow7 turns=15 prompt=12314 cached=None 5.59s
ok C4-grow6 turns=13 prompt=10871 cached=None 5.8s
ok C1-grow7 turns=15 prompt=12325 cached=None 5.12s
ok C4-grow7 turns=15 prompt=12394 cached=None 3.63s
GATE {"requests": 68, "failures": 0, "cached_hits": 0, "max_cached_tokens": 0, "server_prefix_hit_tokens": 425600.0, "health": true, "verdict": "PASS"}
