ok A-grow0 turns=1 prompt=1484 cached=None 2.24s
ok A-grow1 turns=3 prompt=3090 cached=None 2.5s
ok A-grow2 turns=5 prompt=4639 cached=None 2.55s
ok A-grow3 turns=7 prompt=6192 cached=None 1.85s
ok A-grow4 turns=9 prompt=7762 cached=None 3.05s
ok A-grow5 turns=11 prompt=9323 cached=None 1.48s
ok A-grow6 turns=13 prompt=10863 cached=None 2.22s
ok A-grow7 turns=15 prompt=12434 cached=None 2.11s
ok A-grow8 turns=17 prompt=13915 cached=None 2.14s
ok A-grow9 turns=19 prompt=15535 cached=None 1.42s
ok A-grow10 turns=21 prompt=17115 cached=None 2.32s
ok A-grow11 turns=23 prompt=18696 cached=None 1.56s
ok A-grow12 turns=25 prompt=20253 cached=None 1.93s
ok A-grow13 turns=27 prompt=21762 cached=None 1.45s
ok A-grow14 turns=29 prompt=23236 cached=None 2.5s
ok A-grow15 turns=31 prompt=24759 cached=None 1.46s
ok A-grow16 turns=33 prompt=26229 cached=None 2.21s
ok A-grow17 turns=35 prompt=27802 cached=None 1.08s
ok A-grow18 turns=37 prompt=29390 cached=None 2.09s
ok A-grow19 turns=39 prompt=30913 cached=None 1.16s
ok A-shrink0 turns=37 prompt=28567 cached=None 2.23s
ok A-shrink1 turns=35 prompt=27047 cached=None 1.78s
ok A-shrink2 turns=33 prompt=25566 cached=None 2.51s
ok A-shrink3 turns=31 prompt=24006 cached=None 1.94s
ok A-shrink4 turns=29 prompt=22516 cached=None 2.73s
ok A-tool0 turns=33 prompt=22654 cached=None 0.92s
ok A-tool1 turns=37 prompt=22767 cached=None 0.78s
ok A-tool2 turns=41 prompt=22881 cached=None 0.83s
ok C3-grow0 turns=1 prompt=1543 cached=None 4.06s
ok C4-grow0 turns=1 prompt=1493 cached=None 5.36s
ok C2-grow0 turns=1 prompt=1514 cached=None 5.54s
ok C1-grow0 turns=1 prompt=1429 cached=None 6.53s
ok C0-grow0 turns=1 prompt=1489 cached=None 6.64s
ok C1-grow1 turns=3 prompt=2947 cached=None 3.58s
ok C1-grow2 turns=5 prompt=4513 cached=None 1.95s
ok C0-grow1 turns=3 prompt=3069 cached=None 5.42s
ok C1-grow3 turns=7 prompt=6088 cached=None 3.02s
ok C3-grow1 turns=3 prompt=3083 cached=None 11.03s
ok C4-grow1 turns=3 prompt=3055 cached=None 11.0s
ok C1-grow4 turns=9 prompt=7517 cached=None 2.82s
ok C2-grow1 turns=3 prompt=3126 cached=None 12.98s
ok C1-grow5 turns=11 prompt=9078 cached=None 4.24s
ok C0-grow2 turns=5 prompt=4634 cached=None 10.79s
ok C1-grow6 turns=13 prompt=10540 cached=None 3.26s
ok C1-grow7 turns=15 prompt=12100 cached=None 1.18s
ok C0-grow3 turns=7 prompt=6177 cached=None 4.54s
ok C4-grow2 turns=5 prompt=4671 cached=None 12.23s
ok C2-grow2 turns=5 prompt=4705 cached=None 11.75s
ok C3-grow2 turns=5 prompt=4688 cached=None 15.18s
ok C0-grow4 turns=9 prompt=7762 cached=None 5.45s
ok C2-grow3 turns=7 prompt=6230 cached=None 4.48s
ok C3-grow3 turns=7 prompt=6239 cached=None 4.63s
ok C4-grow3 turns=7 prompt=6240 cached=None 6.3s
ok C0-grow5 turns=11 prompt=9298 cached=None 3.1s
ok C0-grow6 turns=13 prompt=10941 cached=None 6.25s
ok C2-grow4 turns=9 prompt=7815 cached=None 8.84s
ok C3-grow4 turns=9 prompt=7905 cached=None 8.85s
ok C4-grow4 turns=9 prompt=7911 cached=None 9.96s
ok C2-grow5 turns=11 prompt=9374 cached=None 3.42s
ok C0-grow7 turns=15 prompt=12483 cached=None 4.91s
ok C2-grow6 turns=13 prompt=10898 cached=None 2.78s
ok C3-grow5 turns=11 prompt=9487 cached=None 7.24s
ok C4-grow5 turns=11 prompt=9438 cached=None 6.2s
ok C2-grow7 turns=15 prompt=12422 cached=None 4.76s
ok C4-grow6 turns=13 prompt=10990 cached=None 4.76s
ok C3-grow6 turns=13 prompt=11044 cached=None 4.83s
ok C4-grow7 turns=15 prompt=12512 cached=None 2.94s
ok C3-grow7 turns=15 prompt=12587 cached=None 3.17s
GATE {"requests": 68, "failures": 0, "cached_hits": 0, "max_cached_tokens": 0, "server_prefix_hit_tokens": 585600.0, "health": true, "verdict": "PASS"}
