ok A-grow0 turns=1 prompt=1484 cached=None 2.51s
ok A-grow1 turns=3 prompt=3090 cached=None 2.86s
ok A-grow2 turns=5 prompt=4639 cached=None 2.66s
ok A-grow3 turns=7 prompt=6193 cached=None 1.86s
ok A-grow4 turns=9 prompt=7763 cached=None 2.94s
ok A-grow5 turns=11 prompt=9322 cached=None 2.13s
ok A-grow6 turns=13 prompt=10862 cached=None 2.66s
ok A-grow7 turns=15 prompt=12435 cached=None 2.53s
ok A-grow8 turns=17 prompt=13919 cached=None 2.35s
ok A-grow9 turns=19 prompt=15538 cached=None 2.29s
ok A-grow10 turns=21 prompt=17137 cached=None 2.17s
ok A-grow11 turns=23 prompt=18711 cached=None 2.06s
ok A-grow12 turns=25 prompt=20275 cached=None 2.86s
ok A-grow13 turns=27 prompt=21808 cached=None 1.65s
ok A-grow14 turns=29 prompt=23283 cached=None 2.57s
ok A-grow15 turns=31 prompt=24802 cached=None 2.09s
ok A-grow16 turns=33 prompt=26278 cached=None 2.67s
ok A-grow17 turns=35 prompt=27855 cached=None 1.49s
ok A-grow18 turns=37 prompt=29444 cached=None 2.57s
ok A-grow19 turns=39 prompt=30969 cached=None 1.59s
ok A-shrink0 turns=37 prompt=28621 cached=None 3.27s
ok A-shrink1 turns=35 prompt=27100 cached=None 2.55s
ok A-shrink2 turns=33 prompt=25615 cached=None 3.2s
ok A-shrink3 turns=31 prompt=24049 cached=None 2.66s
ok A-shrink4 turns=29 prompt=22563 cached=None 3.22s
ok A-tool0 turns=33 prompt=22699 cached=None 1.36s
ok A-tool1 turns=37 prompt=22814 cached=None 1.39s
ok A-tool2 turns=41 prompt=22930 cached=None 1.43s
ok C0-grow0 turns=1 prompt=1489 cached=None 4.85s
ok C3-grow0 turns=1 prompt=1543 cached=None 4.85s
ok C1-grow0 turns=1 prompt=1429 cached=None 4.95s
ok C4-grow0 turns=1 prompt=1493 cached=None 4.94s
ok C2-grow0 turns=1 prompt=1514 cached=None 5.96s
ok C4-grow1 turns=3 prompt=3011 cached=None 5.55s
ok C4-grow2 turns=5 prompt=4576 cached=None 1.9s
ok C4-grow3 turns=7 prompt=6149 cached=None 1.26s
ok C4-grow4 turns=9 prompt=7694 cached=None 1.79s
ok C4-grow5 turns=11 prompt=9119 cached=None 1.25s
ok C3-grow1 turns=3 prompt=3105 cached=None 11.89s
ok C4-grow6 turns=13 prompt=10678 cached=None 2.71s
ok C0-grow1 turns=3 prompt=3029 cached=None 16.15s
ok C4-grow7 turns=15 prompt=12238 cached=None 1.63s
ok C1-grow1 turns=3 prompt=3041 cached=None 16.14s
ok C2-grow1 turns=3 prompt=3094 cached=None 16.19s
ok C3-grow2 turns=5 prompt=4711 cached=None 10.61s
ok C1-grow2 turns=5 prompt=4550 cached=None 7.66s
ok C0-grow2 turns=5 prompt=4607 cached=None 7.74s
ok C2-grow2 turns=5 prompt=4647 cached=None 8.97s
ok C3-grow3 turns=7 prompt=6313 cached=None 6.07s
ok C1-grow3 turns=7 prompt=6148 cached=None 4.77s
ok C2-grow3 turns=7 prompt=6172 cached=None 4.74s
ok C0-grow3 turns=7 prompt=6171 cached=None 8.84s
ok C1-grow4 turns=9 prompt=7697 cached=None 7.15s
ok C3-grow4 turns=9 prompt=7855 cached=None 8.44s
ok C2-grow4 turns=9 prompt=7759 cached=None 7.56s
ok C0-grow4 turns=9 prompt=7847 cached=None 7.03s
ok C1-grow5 turns=11 prompt=9359 cached=None 5.41s
ok C3-grow5 turns=11 prompt=9523 cached=None 6.23s
ok C0-grow5 turns=11 prompt=9406 cached=None 4.5s
ok C2-grow5 turns=11 prompt=9328 cached=None 5.69s
ok C1-grow6 turns=13 prompt=10916 cached=None 6.78s
ok C3-grow6 turns=13 prompt=11035 cached=None 6.67s
ok C2-grow6 turns=13 prompt=10858 cached=None 5.79s
ok C1-grow7 turns=15 prompt=12472 cached=None 3.12s
ok C0-grow6 turns=13 prompt=10947 cached=None 8.3s
ok C2-grow7 turns=15 prompt=12365 cached=None 4.34s
ok C3-grow7 turns=15 prompt=12582 cached=None 4.47s
ok C0-grow7 turns=15 prompt=12490 cached=None 2.13s
GATE {"requests": 68, "failures": 0, "cached_hits": 0, "max_cached_tokens": 0, "server_prefix_hit_tokens": 580160.0, "health": true, "verdict": "PASS"}
