ok A-grow0 turns=1 prompt=1484 cached=None 2.09s
ok A-grow1 turns=3 prompt=3090 cached=None 2.53s
ok A-grow2 turns=5 prompt=4639 cached=None 2.27s
ok A-grow3 turns=7 prompt=6182 cached=None 3.24s
ok A-grow4 turns=9 prompt=7761 cached=None 4.6s
ok A-grow5 turns=11 prompt=9335 cached=None 2.94s
ok A-grow6 turns=13 prompt=10880 cached=None 3.48s
ok A-grow7 turns=15 prompt=12458 cached=None 3.35s
ok A-grow8 turns=17 prompt=13940 cached=None 3.36s
ok A-grow9 turns=19 prompt=15557 cached=None 2.44s
ok A-grow10 turns=21 prompt=17134 cached=None 3.06s
ok A-grow11 turns=23 prompt=18701 cached=None 3.42s
ok A-grow12 turns=25 prompt=20280 cached=None 3.01s
ok A-grow13 turns=27 prompt=21788 cached=None 2.31s
ok A-grow14 turns=29 prompt=23253 cached=None 2.92s
ok A-grow15 turns=31 prompt=24753 cached=None 2.25s
ok A-grow16 turns=33 prompt=26208 cached=None 3.45s
ok A-grow17 turns=35 prompt=27785 cached=None 2.29s
ok A-grow18 turns=37 prompt=29372 cached=None 2.62s
ok A-grow19 turns=39 prompt=30875 cached=None 2.16s
ok A-shrink0 turns=37 prompt=28549 cached=None 3.54s
ok A-shrink1 turns=35 prompt=27030 cached=None 3.07s
ok A-shrink2 turns=33 prompt=25545 cached=None 3.71s
ok A-shrink3 turns=31 prompt=24000 cached=None 3.04s
ok A-shrink4 turns=29 prompt=22533 cached=None 3.7s
ok A-tool0 turns=33 prompt=22671 cached=None 1.83s
ok A-tool1 turns=37 prompt=22786 cached=None 1.77s
ok A-tool2 turns=41 prompt=22902 cached=None 1.81s
ok C1-grow0 turns=1 prompt=1429 cached=None 4.67s
ok C3-grow0 turns=1 prompt=1543 cached=None 4.75s
ok C0-grow0 turns=1 prompt=1489 cached=None 4.75s
ok C4-grow0 turns=1 prompt=1493 cached=None 4.75s
ok C2-grow0 turns=1 prompt=1514 cached=None 5.84s
ok C0-grow1 turns=3 prompt=3101 cached=None 6.37s
ok C3-grow1 turns=3 prompt=3105 cached=None 8.68s
ok C4-grow1 turns=3 prompt=3011 cached=None 8.84s
ok C1-grow1 turns=3 prompt=2969 cached=None 8.93s
ok C2-grow1 turns=3 prompt=3094 cached=None 13.25s
ok C0-grow2 turns=5 prompt=4679 cached=None 9.21s
ok C4-grow2 turns=5 prompt=4601 cached=None 10.4s
ok C4-grow3 turns=7 prompt=6194 cached=None 2.5s
ok C2-grow2 turns=5 prompt=4699 cached=None 7.41s
ok C3-grow2 turns=5 prompt=4715 cached=None 14.33s
ok C1-grow2 turns=5 prompt=4441 cached=None 16.4s
ok C0-grow3 turns=7 prompt=6290 cached=None 9.66s
ok C3-grow3 turns=7 prompt=6268 cached=None 11.97s
ok C4-grow4 turns=9 prompt=7728 cached=None 13.23s
ok C0-grow4 turns=9 prompt=7885 cached=None 9.82s
ok C2-grow3 turns=7 prompt=6183 cached=None 13.4s
ok C1-grow3 turns=7 prompt=6048 cached=None 14.9s
ok C4-grow5 turns=11 prompt=9235 cached=None 13.81s
ok C2-grow4 turns=9 prompt=7727 cached=None 13.82s
ok C3-grow4 turns=9 prompt=7818 cached=None 15.1s
ok C0-grow5 turns=11 prompt=9407 cached=None 21.23s
ok C1-grow4 turns=9 prompt=7631 cached=None 16.36s
ok C3-grow5 turns=11 prompt=9488 cached=None 11.58s
ok C2-grow5 turns=11 prompt=9373 cached=None 12.78s
ok C4-grow6 turns=13 prompt=10896 cached=None 18.77s
ok C0-grow6 turns=13 prompt=10972 cached=None 11.26s
ok C1-grow5 turns=11 prompt=9190 cached=None 14.52s
ok C3-grow6 turns=13 prompt=11035 cached=None 11.68s
ok C2-grow6 turns=13 prompt=10882 cached=None 15.6s
ok C0-grow7 turns=15 prompt=12498 cached=None 12.42s
ok C4-grow7 turns=15 prompt=12443 cached=None 12.42s
ok C3-grow7 turns=15 prompt=12561 cached=None 6.88s
ok C2-grow7 turns=15 prompt=12378 cached=None 2.87s
ok C1-grow6 turns=13 prompt=10743 cached=None 9.32s
ok C1-grow7 turns=15 prompt=12267 cached=None 3.19s
GATE {"requests": 68, "failures": 0, "cached_hits": 0, "max_cached_tokens": 0, "server_prefix_hit_tokens": 425600.0, "health": true, "verdict": "PASS"}
