DBG_COORD_CACHE g=0 eagle=False num_computed=3200 aligned=3200 to_cache=3200 reprefillable=0
DBG_MAMBA_CACHE g=0 req=ae4ead76 num_tokens=3200 full=1 cached 0->1 last_state_idx=None spec_blocks=3 layout_before=['1', '2', '3', '4'] layout_after=['1', '2', '3', '4']
DBG_COORD_CACHE g=5 eagle=True num_computed=3200 aligned=3200 to_cache=3200 reprefillable=0
DBG_COORD_CACHE g=0 eagle=False num_computed=6400 aligned=6400 to_cache=6400 reprefillable=0
DBG_MAMBA_CACHE g=0 req=ae4ead76 num_tokens=6400 full=2 cached 1->2 last_state_idx=0 spec_blocks=3 layout_before=['1', '2', '3', '4', '20'] layout_after=['1', '2', '3', '4', '20']
DBG_COORD_CACHE g=5 eagle=True num_computed=6400 aligned=6400 to_cache=6400 reprefillable=0
DBG_COORD_CACHE g=0 eagle=False num_computed=9600 aligned=9600 to_cache=9600 reprefillable=0
DBG_MAMBA_CACHE g=0 req=ae4ead76 num_tokens=9600 full=3 cached 2->3 last_state_idx=1 spec_blocks=3 layout_before=['1', '2', '3', '4', '20', '25'] layout_after=['1', '2', '3', '4', '20', '25']
DBG_COORD_CACHE g=5 eagle=True num_computed=9600 aligned=9600 to_cache=9600 reprefillable=0
DBG_COORD_CACHE g=0 eagle=False num_computed=12800 aligned=12800 to_cache=12800 reprefillable=0
DBG_MAMBA_CACHE g=0 req=ae4ead76 num_tokens=12800 full=4 cached 3->4 last_state_idx=2 spec_blocks=3 layout_before=['N', '2', '3', '4', '20', '25', '13'] layout_after=['N', '2', '3', '4', '20', '25', '13']
DBG_COORD_CACHE g=5 eagle=True num_computed=12800 aligned=12800 to_cache=12800 reprefillable=0
DBG_COORD_CACHE g=0 eagle=False num_computed=16000 aligned=16000 to_cache=16000 reprefillable=0
DBG_MAMBA_CACHE g=0 req=ae4ead76 num_tokens=16000 full=5 cached 4->5 last_state_idx=3 spec_blocks=3 layout_before=['N', 'N', '3', '4', '20', '25', '13', '14'] layout_after=['N', 'N', '3', '4', '20', '25', '13', '14']
DBG_COORD_CACHE g=5 eagle=True num_computed=16000 aligned=16000 to_cache=16000 reprefillable=0
DBG_COORD_CACHE g=0 eagle=False num_computed=19839 aligned=19200 to_cache=19200 reprefillable=0
DBG_MAMBA_CACHE g=0 req=ae4ead76 num_tokens=19200 full=6 cached 5->6 last_state_idx=4 spec_blocks=3 layout_before=['N', 'N', 'N', '4', '20', 'N', '13', '14', '25', '15'] layout_after=['N', 'N', 'N', '4', '20', 'N', '13', '14', '25', '15']
DBG_COORD_CACHE g=5 eagle=True num_computed=19839 aligned=19200 to_cache=19839 reprefillable=0
DBG_COORD_CACHE g=0 eagle=False num_computed=19839 aligned=19200 to_cache=19200 reprefillable=0
DBG_MAMBA_CACHE g=0 req=ae4ead76 num_tokens=19200 full=6 cached 6->6 last_state_idx=4 spec_blocks=3 layout_before=['N', 'N', 'N', 'N', '20', 'N', '13', '14', '25', '15'] layout_after=['N', 'N', 'N', 'N', '20', 'N', '13', '14', '25', '15']
DBG_COORD_CACHE g=5 eagle=True num_computed=19839 aligned=19200 to_cache=19839 reprefillable=0
DBG_COORD_CACHE g=0 eagle=False num_computed=19839 aligned=19200 to_cache=19200 reprefillable=0
DBG_MAMBA_CACHE g=0 req=ae4ead76 num_tokens=19200 full=6 cached 6->6 last_state_idx=4 spec_blocks=3 layout_before=['N', 'N', 'N', 'N', '20', 'N', '13', '14', '25', '15'] layout_after=['N', 'N', 'N', 'N', '20', 'N', '13', '14', '25', '15']
DBG_COORD_CACHE g=5 eagle=True num_computed=19839 aligned=19200 to_cache=19839 reprefillable=0
DBG_COORD_CACHE g=0 eagle=False num_computed=19840 aligned=19200 to_cache=19200 reprefillable=0
DBG_MAMBA_CACHE g=0 req=ae4ead76 num_tokens=19200 full=6 cached 6->6 last_state_idx=4 spec_blocks=3 layout_before=['N', 'N', 'N', 'N', 'N', 'N', '13', '14', '25', '15'] layout_after=['N', 'N', 'N', 'N', 'N', 'N', '13', '14', '25', '15']
DBG_COORD_CACHE g=5 eagle=True num_computed=19840 aligned=19200 to_cache=19840 reprefillable=0
DBG_COORD_CACHE g=0 eagle=False num_computed=19842 aligned=19200 to_cache=19200 reprefillable=0
DBG_MAMBA_CACHE g=0 req=ae4ead76 num_tokens=19200 full=6 cached 6->6 last_state_idx=4 spec_blocks=3 layout_before=['N', 'N', 'N', 'N', 'N', 'N', '13', '14', '25', '15'] layout_after=['N', 'N', 'N', 'N', 'N', 'N', '13', '14', '25', '15']
DBG_COORD_CACHE g=5 eagle=True num_computed=19842 aligned=19200 to_cache=19842 reprefillable=0
DBG_COORD_CACHE g=0 eagle=False num_computed=3200 aligned=3200 to_cache=3200 reprefillable=0
DBG_MAMBA_CACHE g=0 req=ba3d3c0e num_tokens=3200 full=1 cached 0->1 last_state_idx=None spec_blocks=3 layout_before=['32', '17', '3', '28'] layout_after=['32', '17', '3', '28']
DBG_COORD_CACHE g=5 eagle=True num_computed=3200 aligned=3200 to_cache=3200 reprefillable=0
DBG_COORD_CACHE g=0 eagle=False num_computed=6400 aligned=6400 to_cache=6400 reprefillable=0
DBG_MAMBA_CACHE g=0 req=ba3d3c0e num_tokens=6400 full=2 cached 1->2 last_state_idx=0 spec_blocks=3 layout_before=['32', '17', '3', '28', '22'] layout_after=['32', '17', '3', '28', '22']
DBG_COORD_CACHE g=5 eagle=True num_computed=6400 aligned=6400 to_cache=6400 reprefillable=0
DBG_COORD_CACHE g=0 eagle=False num_computed=9600 aligned=9600 to_cache=9600 reprefillable=0
DBG_MAMBA_CACHE g=0 req=ba3d3c0e num_tokens=9600 full=3 cached 2->3 last_state_idx=1 spec_blocks=3 layout_before=['32', '17', '3', '28', '22', '8'] layout_after=['32', '17', '3', '28', '22', '8']
DBG_COORD_CACHE g=5 eagle=True num_computed=9600 aligned=9600 to_cache=9600 reprefillable=0
DBG_COORD_CACHE g=0 eagle=False num_computed=12800 aligned=12800 to_cache=12800 reprefillable=0
DBG_MAMBA_CACHE g=0 req=ba3d3c0e num_tokens=12800 full=4 cached 3->4 last_state_idx=2 spec_blocks=3 layout_before=['N', '17', '3', '28', '22', '8', '10'] layout_after=['N', '17', '3', '28', '22', '8', '10']
DBG_COORD_CACHE g=5 eagle=True num_computed=12800 aligned=12800 to_cache=12800 reprefillable=0
DBG_COORD_CACHE g=0 eagle=False num_computed=16000 aligned=16000 to_cache=16000 reprefillable=0
DBG_MAMBA_CACHE g=0 req=ba3d3c0e num_tokens=16000 full=5 cached 4->5 last_state_idx=3 spec_blocks=3 layout_before=['N', 'N', '3', '28', '22', '8', '10', '9'] layout_after=['N', 'N', '3', '28', '22h', '8', '10', '9']
DBG_COORD_CACHE g=5 eagle=True num_computed=16000 aligned=16000 to_cache=16000 reprefillable=0
DBG_COORD_CACHE g=0 eagle=False num_computed=19839 aligned=19200 to_cache=19200 reprefillable=0
DBG_MAMBA_CACHE g=0 req=ba3d3c0e num_tokens=19200 full=6 cached 5->6 last_state_idx=4 spec_blocks=3 layout_before=['N', 'N', 'N', '28', '22h', 'N', '10', '9', '8', '15'] layout_after=['N', 'N', 'N', '28', '22h', 'N', '10', '9', '8', '15']
DBG_COORD_CACHE g=5 eagle=True num_computed=19839 aligned=19200 to_cache=19839 reprefillable=0
DBG_COORD_CACHE g=0 eagle=False num_computed=19839 aligned=19200 to_cache=19200 reprefillable=0
DBG_MAMBA_CACHE g=0 req=ba3d3c0e num_tokens=19200 full=6 cached 6->6 last_state_idx=4 spec_blocks=3 layout_before=['N', 'N', 'N', 'N', '22h', 'N', '10', '9', '8', '15'] layout_after=['N', 'N', 'N', 'N', '22h', 'N', '10', '9', '8', '15']
DBG_COORD_CACHE g=5 eagle=True num_computed=19839 aligned=19200 to_cache=19839 reprefillable=0
DBG_COORD_CACHE g=0 eagle=False num_computed=19839 aligned=19200 to_cache=19200 reprefillable=0
DBG_MAMBA_CACHE g=0 req=ba3d3c0e num_tokens=19200 full=6 cached 6->6 last_state_idx=4 spec_blocks=3 layout_before=['N', 'N', 'N', 'N', '22h', 'N', '10', '9', '8', '15'] layout_after=['N', 'N', 'N', 'N', '22h', 'N', '10', '9', '8', '15']
DBG_COORD_CACHE g=5 eagle=True num_computed=19839 aligned=19200 to_cache=19839 reprefillable=0
DBG_COORD_CACHE g=0 eagle=False num_computed=19840 aligned=19200 to_cache=19200 reprefillable=0
DBG_MAMBA_CACHE g=0 req=ba3d3c0e num_tokens=19200 full=6 cached 6->6 last_state_idx=4 spec_blocks=3 layout_before=['N', 'N', 'N', 'N', 'N', 'N', '10', '9', '8', '15'] layout_after=['N', 'N', 'N', 'N', 'N', 'N', '10', '9', '8', '15']
DBG_COORD_CACHE g=5 eagle=True num_computed=19840 aligned=19200 to_cache=19840 reprefillable=0
DBG_COORD_CACHE g=0 eagle=False num_computed=19841 aligned=19200 to_cache=19200 reprefillable=0
DBG_MAMBA_CACHE g=0 req=ba3d3c0e num_tokens=19200 full=6 cached 6->6 last_state_idx=4 spec_blocks=3 layout_before=['N', 'N', 'N', 'N', 'N', 'N', '10', '9', '8', '15'] layout_after=['N', 'N', 'N', 'N', 'N', 'N', '10', '9', '8', '15']
DBG_COORD_CACHE g=5 eagle=True num_computed=19841 aligned=19200 to_cache=19841 reprefillable=0
DBG_COORD_CACHE g=0 eagle=False num_computed=19842 aligned=19200 to_cache=19200 reprefillable=0
DBG_COORD_CACHE g=5 eagle=True num_computed=19842 aligned=19200 to_cache=19842 reprefillable=0
DBG_COORD_CACHE g=0 eagle=False num_computed=19839 aligned=19200 to_cache=19200 reprefillable=0
DBG_COORD_CACHE g=5 eagle=True num_computed=19839 aligned=19200 to_cache=19839 reprefillable=0
DBG_COORD_CACHE g=0 eagle=False num_computed=19839 aligned=19200 to_cache=19200 reprefillable=0
DBG_COORD_CACHE g=5 eagle=True num_computed=19839 aligned=19200 to_cache=19839 reprefillable=0
DBG_COORD_CACHE g=0 eagle=False num_computed=19839 aligned=19200 to_cache=19200 reprefillable=0
DBG_COORD_CACHE g=5 eagle=True num_computed=19839 aligned=19200 to_cache=19839 reprefillable=0
DBG_COORD_CACHE g=0 eagle=False num_computed=19840 aligned=19200 to_cache=19200 reprefillable=0
DBG_COORD_CACHE g=5 eagle=True num_computed=19840 aligned=19200 to_cache=19840 reprefillable=0
DBG_COORD_CACHE g=0 eagle=False num_computed=19842 aligned=19200 to_cache=19200 reprefillable=0
DBG_COORD_CACHE g=5 eagle=True num_computed=19842 aligned=19200 to_cache=19842 reprefillable=0
